[Fri Sep 08 10:47:26.112189 2023] [wsgi:error] [pid 378087:tid 140417905067584] [remote 10.88.1.179:53439] Not Found: /catalog/
[Fri Sep 08 10:47:34.424417 2023] [wsgi:error] [pid 378087:tid 140418022573632] [remote 10.88.1.179:53447] Not Found: /catalog/
[Fri Sep 08 10:47:48.267284 2023] [wsgi:error] [pid 378087:tid 140417905067584] [remote 10.88.1.179:53448] Not Found: /catalog/
[Fri Sep 08 10:47:55.071392 2023] [wsgi:error] [pid 378087:tid 140418022573632] [remote 10.88.1.179:53449] Not Found: /catalog/
[Fri Sep 08 10:48:04.767299 2023] [wsgi:error] [pid 378087:tid 140417905067584] [remote 10.88.1.179:53450] Not Found: /catalog/
[Fri Sep 08 10:48:38.706702 2023] [wsgi:error] [pid 378254:tid 140707191977536] [remote 10.88.1.179:53458] Not Found: /catalog/
[Fri Sep 08 10:57:12.187253 2023] [wsgi:error] [pid 378254:tid 140707183584832] [remote 10.88.1.179:53654] Not Found: /catalog/
[Mon Sep 11 08:44:08.913747 2023] [wsgi:error] [pid 381455:tid 140432703837760] [remote 10.88.1.179:53114] Not Found: /favicon.ico
[Mon Sep 11 08:45:33.867516 2023] [wsgi:error] [pid 381455:tid 140432712230464] [remote 10.88.1.91:54289] Not Found: /favicon.ico
[Mon Sep 11 08:47:59.071921 2023] [wsgi:error] [pid 381455:tid 140432703837760] [remote 10.88.1.232:53163] Not Found: /favicon.ico
[Mon Sep 11 13:09:24.296762 2023] [wsgi:error] [pid 381455:tid 140432703837760] [remote 10.88.1.193:54470] Not Found: /favicon.ico
[Mon Sep 11 13:38:16.552841 2023] [wsgi:error] [pid 381455:tid 140432703837760] [remote 10.88.1.179:58564] Not Found: /favicon.ico
[Mon Sep 11 13:40:24.598508 2023] [wsgi:error] [pid 381455:tid 140432712230464] [remote 10.88.1.193:54696] Internal Server Error: /admin/catalog/battery_tested_link/
[Mon Sep 11 13:40:24.598663 2023] [wsgi:error] [pid 381455:tid 140432712230464] [remote 10.88.1.193:54696] Traceback (most recent call last):
[Mon Sep 11 13:40:24.598699 2023] [wsgi:error] [pid 381455:tid 140432712230464] [remote 10.88.1.193:54696]   File "/django-project/venv/lib/python3.10/site-packages/django/db/backends/utils.py", line 89, in _execute
[Mon Sep 11 13:40:24.598726 2023] [wsgi:error] [pid 381455:tid 140432712230464] [remote 10.88.1.193:54696]     return self.cursor.execute(sql, params)
[Mon Sep 11 13:40:24.598754 2023] [wsgi:error] [pid 381455:tid 140432712230464] [remote 10.88.1.193:54696]   File "/django-project/venv/lib/python3.10/site-packages/django/db/backends/mysql/base.py", line 75, in execute
[Mon Sep 11 13:40:24.598780 2023] [wsgi:error] [pid 381455:tid 140432712230464] [remote 10.88.1.193:54696]     return self.cursor.execute(query, args)
[Mon Sep 11 13:40:24.598806 2023] [wsgi:error] [pid 381455:tid 140432712230464] [remote 10.88.1.193:54696]   File "/django-project/venv/lib/python3.10/site-packages/MySQLdb/cursors.py", line 179, in execute
[Mon Sep 11 13:40:24.598845 2023] [wsgi:error] [pid 381455:tid 140432712230464] [remote 10.88.1.193:54696]     res = self._query(mogrified_query)
[Mon Sep 11 13:40:24.598873 2023] [wsgi:error] [pid 381455:tid 140432712230464] [remote 10.88.1.193:54696]   File "/django-project/venv/lib/python3.10/site-packages/MySQLdb/cursors.py", line 330, in _query
[Mon Sep 11 13:40:24.598900 2023] [wsgi:error] [pid 381455:tid 140432712230464] [remote 10.88.1.193:54696]     db.query(q)
[Mon Sep 11 13:40:24.598927 2023] [wsgi:error] [pid 381455:tid 140432712230464] [remote 10.88.1.193:54696]   File "/django-project/venv/lib/python3.10/site-packages/MySQLdb/connections.py", line 255, in query
[Mon Sep 11 13:40:24.598955 2023] [wsgi:error] [pid 381455:tid 140432712230464] [remote 10.88.1.193:54696]     _mysql.connection.query(self, query)
[Mon Sep 11 13:40:24.598983 2023] [wsgi:error] [pid 381455:tid 140432712230464] [remote 10.88.1.193:54696] MySQLdb.OperationalError: (1054, "Unknown column 'battery_tested_link.id' in 'field list'")
[Mon Sep 11 13:40:24.599010 2023] [wsgi:error] [pid 381455:tid 140432712230464] [remote 10.88.1.193:54696] 
[Mon Sep 11 13:40:24.599037 2023] [wsgi:error] [pid 381455:tid 140432712230464] [remote 10.88.1.193:54696] The above exception was the direct cause of the following exception:
[Mon Sep 11 13:40:24.599064 2023] [wsgi:error] [pid 381455:tid 140432712230464] [remote 10.88.1.193:54696] 
[Mon Sep 11 13:40:24.599091 2023] [wsgi:error] [pid 381455:tid 140432712230464] [remote 10.88.1.193:54696] Traceback (most recent call last):
[Mon Sep 11 13:40:24.599119 2023] [wsgi:error] [pid 381455:tid 140432712230464] [remote 10.88.1.193:54696]   File "/django-project/venv/lib/python3.10/site-packages/django/core/handlers/exception.py", line 55, in inner
[Mon Sep 11 13:40:24.599146 2023] [wsgi:error] [pid 381455:tid 140432712230464] [remote 10.88.1.193:54696]     response = get_response(request)
[Mon Sep 11 13:40:24.599173 2023] [wsgi:error] [pid 381455:tid 140432712230464] [remote 10.88.1.193:54696]   File "/django-project/venv/lib/python3.10/site-packages/django/core/handlers/base.py", line 197, in _get_response
[Mon Sep 11 13:40:24.599198 2023] [wsgi:error] [pid 381455:tid 140432712230464] [remote 10.88.1.193:54696]     response = wrapped_callback(request, *callback_args, **callback_kwargs)
[Mon Sep 11 13:40:24.599225 2023] [wsgi:error] [pid 381455:tid 140432712230464] [remote 10.88.1.193:54696]   File "/django-project/venv/lib/python3.10/site-packages/django/contrib/admin/options.py", line 688, in wrapper
[Mon Sep 11 13:40:24.599252 2023] [wsgi:error] [pid 381455:tid 140432712230464] [remote 10.88.1.193:54696]     return self.admin_site.admin_view(view)(*args, **kwargs)
[Mon Sep 11 13:40:24.599277 2023] [wsgi:error] [pid 381455:tid 140432712230464] [remote 10.88.1.193:54696]   File "/django-project/venv/lib/python3.10/site-packages/django/utils/decorators.py", line 134, in _wrapper_view
[Mon Sep 11 13:40:24.599306 2023] [wsgi:error] [pid 381455:tid 140432712230464] [remote 10.88.1.193:54696]     response = view_func(request, *args, **kwargs)
[Mon Sep 11 13:40:24.599334 2023] [wsgi:error] [pid 381455:tid 140432712230464] [remote 10.88.1.193:54696]   File "/django-project/venv/lib/python3.10/site-packages/django/views/decorators/cache.py", line 62, in _wrapper_view_func
[Mon Sep 11 13:40:24.599362 2023] [wsgi:error] [pid 381455:tid 140432712230464] [remote 10.88.1.193:54696]     response = view_func(request, *args, **kwargs)
[Mon Sep 11 13:40:24.599389 2023] [wsgi:error] [pid 381455:tid 140432712230464] [remote 10.88.1.193:54696]   File "/django-project/venv/lib/python3.10/site-packages/django/contrib/admin/sites.py", line 242, in inner
[Mon Sep 11 13:40:24.599418 2023] [wsgi:error] [pid 381455:tid 140432712230464] [remote 10.88.1.193:54696]     return view(request, *args, **kwargs)
[Mon Sep 11 13:40:24.599445 2023] [wsgi:error] [pid 381455:tid 140432712230464] [remote 10.88.1.193:54696]   File "/django-project/venv/lib/python3.10/site-packages/django/utils/decorators.py", line 46, in _wrapper
[Mon Sep 11 13:40:24.599476 2023] [wsgi:error] [pid 381455:tid 140432712230464] [remote 10.88.1.193:54696]     return bound_method(*args, **kwargs)
[Mon Sep 11 13:40:24.599503 2023] [wsgi:error] [pid 381455:tid 140432712230464] [remote 10.88.1.193:54696]   File "/django-project/venv/lib/python3.10/site-packages/django/utils/decorators.py", line 134, in _wrapper_view
[Mon Sep 11 13:40:24.599530 2023] [wsgi:error] [pid 381455:tid 140432712230464] [remote 10.88.1.193:54696]     response = view_func(request, *args, **kwargs)
[Mon Sep 11 13:40:24.599558 2023] [wsgi:error] [pid 381455:tid 140432712230464] [remote 10.88.1.193:54696]   File "/django-project/venv/lib/python3.10/site-packages/django/contrib/admin/options.py", line 2065, in changelist_view
[Mon Sep 11 13:40:24.599586 2023] [wsgi:error] [pid 381455:tid 140432712230464] [remote 10.88.1.193:54696]     "selection_note": _("0 of %(cnt)s selected") % {"cnt": len(cl.result_list)},
[Mon Sep 11 13:40:24.599615 2023] [wsgi:error] [pid 381455:tid 140432712230464] [remote 10.88.1.193:54696]   File "/django-project/venv/lib/python3.10/site-packages/django/db/models/query.py", line 380, in __len__
[Mon Sep 11 13:40:24.599643 2023] [wsgi:error] [pid 381455:tid 140432712230464] [remote 10.88.1.193:54696]     self._fetch_all()
[Mon Sep 11 13:40:24.599670 2023] [wsgi:error] [pid 381455:tid 140432712230464] [remote 10.88.1.193:54696]   File "/django-project/venv/lib/python3.10/site-packages/django/db/models/query.py", line 1881, in _fetch_all
[Mon Sep 11 13:40:24.599697 2023] [wsgi:error] [pid 381455:tid 140432712230464] [remote 10.88.1.193:54696]     self._result_cache = list(self._iterable_class(self))
[Mon Sep 11 13:40:24.599726 2023] [wsgi:error] [pid 381455:tid 140432712230464] [remote 10.88.1.193:54696]   File "/django-project/venv/lib/python3.10/site-packages/django/db/models/query.py", line 91, in __iter__
[Mon Sep 11 13:40:24.599754 2023] [wsgi:error] [pid 381455:tid 140432712230464] [remote 10.88.1.193:54696]     results = compiler.execute_sql(
[Mon Sep 11 13:40:24.599781 2023] [wsgi:error] [pid 381455:tid 140432712230464] [remote 10.88.1.193:54696]   File "/django-project/venv/lib/python3.10/site-packages/django/db/models/sql/compiler.py", line 1562, in execute_sql
[Mon Sep 11 13:40:24.599808 2023] [wsgi:error] [pid 381455:tid 140432712230464] [remote 10.88.1.193:54696]     cursor.execute(sql, params)
[Mon Sep 11 13:40:24.599836 2023] [wsgi:error] [pid 381455:tid 140432712230464] [remote 10.88.1.193:54696]   File "/django-project/venv/lib/python3.10/site-packages/django/db/backends/utils.py", line 67, in execute
[Mon Sep 11 13:40:24.599864 2023] [wsgi:error] [pid 381455:tid 140432712230464] [remote 10.88.1.193:54696]     return self._execute_with_wrappers(
[Mon Sep 11 13:40:24.599891 2023] [wsgi:error] [pid 381455:tid 140432712230464] [remote 10.88.1.193:54696]   File "/django-project/venv/lib/python3.10/site-packages/django/db/backends/utils.py", line 80, in _execute_with_wrappers
[Mon Sep 11 13:40:24.599919 2023] [wsgi:error] [pid 381455:tid 140432712230464] [remote 10.88.1.193:54696]     return executor(sql, params, many, context)
[Mon Sep 11 13:40:24.599946 2023] [wsgi:error] [pid 381455:tid 140432712230464] [remote 10.88.1.193:54696]   File "/django-project/venv/lib/python3.10/site-packages/django/db/backends/utils.py", line 84, in _execute
[Mon Sep 11 13:40:24.599972 2023] [wsgi:error] [pid 381455:tid 140432712230464] [remote 10.88.1.193:54696]     with self.db.wrap_database_errors:
[Mon Sep 11 13:40:24.600000 2023] [wsgi:error] [pid 381455:tid 140432712230464] [remote 10.88.1.193:54696]   File "/django-project/venv/lib/python3.10/site-packages/django/db/utils.py", line 91, in __exit__
[Mon Sep 11 13:40:24.600028 2023] [wsgi:error] [pid 381455:tid 140432712230464] [remote 10.88.1.193:54696]     raise dj_exc_value.with_traceback(traceback) from exc_value
[Mon Sep 11 13:40:24.600054 2023] [wsgi:error] [pid 381455:tid 140432712230464] [remote 10.88.1.193:54696]   File "/django-project/venv/lib/python3.10/site-packages/django/db/backends/utils.py", line 89, in _execute
[Mon Sep 11 13:40:24.600085 2023] [wsgi:error] [pid 381455:tid 140432712230464] [remote 10.88.1.193:54696]     return self.cursor.execute(sql, params)
[Mon Sep 11 13:40:24.600113 2023] [wsgi:error] [pid 381455:tid 140432712230464] [remote 10.88.1.193:54696]   File "/django-project/venv/lib/python3.10/site-packages/django/db/backends/mysql/base.py", line 75, in execute
[Mon Sep 11 13:40:24.600141 2023] [wsgi:error] [pid 381455:tid 140432712230464] [remote 10.88.1.193:54696]     return self.cursor.execute(query, args)
[Mon Sep 11 13:40:24.600169 2023] [wsgi:error] [pid 381455:tid 140432712230464] [remote 10.88.1.193:54696]   File "/django-project/venv/lib/python3.10/site-packages/MySQLdb/cursors.py", line 179, in execute
[Mon Sep 11 13:40:24.600197 2023] [wsgi:error] [pid 381455:tid 140432712230464] [remote 10.88.1.193:54696]     res = self._query(mogrified_query)
[Mon Sep 11 13:40:24.600223 2023] [wsgi:error] [pid 381455:tid 140432712230464] [remote 10.88.1.193:54696]   File "/django-project/venv/lib/python3.10/site-packages/MySQLdb/cursors.py", line 330, in _query
[Mon Sep 11 13:40:24.600251 2023] [wsgi:error] [pid 381455:tid 140432712230464] [remote 10.88.1.193:54696]     db.query(q)
[Mon Sep 11 13:40:24.600279 2023] [wsgi:error] [pid 381455:tid 140432712230464] [remote 10.88.1.193:54696]   File "/django-project/venv/lib/python3.10/site-packages/MySQLdb/connections.py", line 255, in query
[Mon Sep 11 13:40:24.600306 2023] [wsgi:error] [pid 381455:tid 140432712230464] [remote 10.88.1.193:54696]     _mysql.connection.query(self, query)
[Mon Sep 11 13:40:24.600334 2023] [wsgi:error] [pid 381455:tid 140432712230464] [remote 10.88.1.193:54696] django.db.utils.OperationalError: (1054, "Unknown column 'battery_tested_link.id' in 'field list'")
[Mon Sep 11 13:42:13.915645 2023] [wsgi:error] [pid 381455:tid 140432712230464] [remote 10.88.1.179:58817] Internal Server Error: /admin/catalog/battery_tested_link/
[Mon Sep 11 13:42:13.915785 2023] [wsgi:error] [pid 381455:tid 140432712230464] [remote 10.88.1.179:58817] Traceback (most recent call last):
[Mon Sep 11 13:42:13.915820 2023] [wsgi:error] [pid 381455:tid 140432712230464] [remote 10.88.1.179:58817]   File "/django-project/venv/lib/python3.10/site-packages/django/db/backends/utils.py", line 89, in _execute
[Mon Sep 11 13:42:13.915847 2023] [wsgi:error] [pid 381455:tid 140432712230464] [remote 10.88.1.179:58817]     return self.cursor.execute(sql, params)
[Mon Sep 11 13:42:13.915873 2023] [wsgi:error] [pid 381455:tid 140432712230464] [remote 10.88.1.179:58817]   File "/django-project/venv/lib/python3.10/site-packages/django/db/backends/mysql/base.py", line 75, in execute
[Mon Sep 11 13:42:13.915900 2023] [wsgi:error] [pid 381455:tid 140432712230464] [remote 10.88.1.179:58817]     return self.cursor.execute(query, args)
[Mon Sep 11 13:42:13.915926 2023] [wsgi:error] [pid 381455:tid 140432712230464] [remote 10.88.1.179:58817]   File "/django-project/venv/lib/python3.10/site-packages/MySQLdb/cursors.py", line 179, in execute
[Mon Sep 11 13:42:13.915951 2023] [wsgi:error] [pid 381455:tid 140432712230464] [remote 10.88.1.179:58817]     res = self._query(mogrified_query)
[Mon Sep 11 13:42:13.915975 2023] [wsgi:error] [pid 381455:tid 140432712230464] [remote 10.88.1.179:58817]   File "/django-project/venv/lib/python3.10/site-packages/MySQLdb/cursors.py", line 330, in _query
[Mon Sep 11 13:42:13.916000 2023] [wsgi:error] [pid 381455:tid 140432712230464] [remote 10.88.1.179:58817]     db.query(q)
[Mon Sep 11 13:42:13.916028 2023] [wsgi:error] [pid 381455:tid 140432712230464] [remote 10.88.1.179:58817]   File "/django-project/venv/lib/python3.10/site-packages/MySQLdb/connections.py", line 255, in query
[Mon Sep 11 13:42:13.916056 2023] [wsgi:error] [pid 381455:tid 140432712230464] [remote 10.88.1.179:58817]     _mysql.connection.query(self, query)
[Mon Sep 11 13:42:13.916083 2023] [wsgi:error] [pid 381455:tid 140432712230464] [remote 10.88.1.179:58817] MySQLdb.OperationalError: (1054, "Unknown column 'battery_tested_link.id' in 'field list'")
[Mon Sep 11 13:42:13.916120 2023] [wsgi:error] [pid 381455:tid 140432712230464] [remote 10.88.1.179:58817] 
[Mon Sep 11 13:42:13.916147 2023] [wsgi:error] [pid 381455:tid 140432712230464] [remote 10.88.1.179:58817] The above exception was the direct cause of the following exception:
[Mon Sep 11 13:42:13.916175 2023] [wsgi:error] [pid 381455:tid 140432712230464] [remote 10.88.1.179:58817] 
[Mon Sep 11 13:42:13.916203 2023] [wsgi:error] [pid 381455:tid 140432712230464] [remote 10.88.1.179:58817] Traceback (most recent call last):
[Mon Sep 11 13:42:13.916230 2023] [wsgi:error] [pid 381455:tid 140432712230464] [remote 10.88.1.179:58817]   File "/django-project/venv/lib/python3.10/site-packages/django/core/handlers/exception.py", line 55, in inner
[Mon Sep 11 13:42:13.916257 2023] [wsgi:error] [pid 381455:tid 140432712230464] [remote 10.88.1.179:58817]     response = get_response(request)
[Mon Sep 11 13:42:13.916286 2023] [wsgi:error] [pid 381455:tid 140432712230464] [remote 10.88.1.179:58817]   File "/django-project/venv/lib/python3.10/site-packages/django/core/handlers/base.py", line 197, in _get_response
[Mon Sep 11 13:42:13.916314 2023] [wsgi:error] [pid 381455:tid 140432712230464] [remote 10.88.1.179:58817]     response = wrapped_callback(request, *callback_args, **callback_kwargs)
[Mon Sep 11 13:42:13.916341 2023] [wsgi:error] [pid 381455:tid 140432712230464] [remote 10.88.1.179:58817]   File "/django-project/venv/lib/python3.10/site-packages/django/contrib/admin/options.py", line 688, in wrapper
[Mon Sep 11 13:42:13.916369 2023] [wsgi:error] [pid 381455:tid 140432712230464] [remote 10.88.1.179:58817]     return self.admin_site.admin_view(view)(*args, **kwargs)
[Mon Sep 11 13:42:13.916397 2023] [wsgi:error] [pid 381455:tid 140432712230464] [remote 10.88.1.179:58817]   File "/django-project/venv/lib/python3.10/site-packages/django/utils/decorators.py", line 134, in _wrapper_view
[Mon Sep 11 13:42:13.916425 2023] [wsgi:error] [pid 381455:tid 140432712230464] [remote 10.88.1.179:58817]     response = view_func(request, *args, **kwargs)
[Mon Sep 11 13:42:13.916452 2023] [wsgi:error] [pid 381455:tid 140432712230464] [remote 10.88.1.179:58817]   File "/django-project/venv/lib/python3.10/site-packages/django/views/decorators/cache.py", line 62, in _wrapper_view_func
[Mon Sep 11 13:42:13.916480 2023] [wsgi:error] [pid 381455:tid 140432712230464] [remote 10.88.1.179:58817]     response = view_func(request, *args, **kwargs)
[Mon Sep 11 13:42:13.916508 2023] [wsgi:error] [pid 381455:tid 140432712230464] [remote 10.88.1.179:58817]   File "/django-project/venv/lib/python3.10/site-packages/django/contrib/admin/sites.py", line 242, in inner
[Mon Sep 11 13:42:13.916536 2023] [wsgi:error] [pid 381455:tid 140432712230464] [remote 10.88.1.179:58817]     return view(request, *args, **kwargs)
[Mon Sep 11 13:42:13.916564 2023] [wsgi:error] [pid 381455:tid 140432712230464] [remote 10.88.1.179:58817]   File "/django-project/venv/lib/python3.10/site-packages/django/utils/decorators.py", line 46, in _wrapper
[Mon Sep 11 13:42:13.916591 2023] [wsgi:error] [pid 381455:tid 140432712230464] [remote 10.88.1.179:58817]     return bound_method(*args, **kwargs)
[Mon Sep 11 13:42:13.916619 2023] [wsgi:error] [pid 381455:tid 140432712230464] [remote 10.88.1.179:58817]   File "/django-project/venv/lib/python3.10/site-packages/django/utils/decorators.py", line 134, in _wrapper_view
[Mon Sep 11 13:42:13.916647 2023] [wsgi:error] [pid 381455:tid 140432712230464] [remote 10.88.1.179:58817]     response = view_func(request, *args, **kwargs)
[Mon Sep 11 13:42:13.916675 2023] [wsgi:error] [pid 381455:tid 140432712230464] [remote 10.88.1.179:58817]   File "/django-project/venv/lib/python3.10/site-packages/django/contrib/admin/options.py", line 2065, in changelist_view
[Mon Sep 11 13:42:13.916703 2023] [wsgi:error] [pid 381455:tid 140432712230464] [remote 10.88.1.179:58817]     "selection_note": _("0 of %(cnt)s selected") % {"cnt": len(cl.result_list)},
[Mon Sep 11 13:42:13.916737 2023] [wsgi:error] [pid 381455:tid 140432712230464] [remote 10.88.1.179:58817]   File "/django-project/venv/lib/python3.10/site-packages/django/db/models/query.py", line 380, in __len__
[Mon Sep 11 13:42:13.916769 2023] [wsgi:error] [pid 381455:tid 140432712230464] [remote 10.88.1.179:58817]     self._fetch_all()
[Mon Sep 11 13:42:13.916796 2023] [wsgi:error] [pid 381455:tid 140432712230464] [remote 10.88.1.179:58817]   File "/django-project/venv/lib/python3.10/site-packages/django/db/models/query.py", line 1881, in _fetch_all
[Mon Sep 11 13:42:13.916824 2023] [wsgi:error] [pid 381455:tid 140432712230464] [remote 10.88.1.179:58817]     self._result_cache = list(self._iterable_class(self))
[Mon Sep 11 13:42:13.916852 2023] [wsgi:error] [pid 381455:tid 140432712230464] [remote 10.88.1.179:58817]   File "/django-project/venv/lib/python3.10/site-packages/django/db/models/query.py", line 91, in __iter__
[Mon Sep 11 13:42:13.916880 2023] [wsgi:error] [pid 381455:tid 140432712230464] [remote 10.88.1.179:58817]     results = compiler.execute_sql(
[Mon Sep 11 13:42:13.916907 2023] [wsgi:error] [pid 381455:tid 140432712230464] [remote 10.88.1.179:58817]   File "/django-project/venv/lib/python3.10/site-packages/django/db/models/sql/compiler.py", line 1562, in execute_sql
[Mon Sep 11 13:42:13.916935 2023] [wsgi:error] [pid 381455:tid 140432712230464] [remote 10.88.1.179:58817]     cursor.execute(sql, params)
[Mon Sep 11 13:42:13.916963 2023] [wsgi:error] [pid 381455:tid 140432712230464] [remote 10.88.1.179:58817]   File "/django-project/venv/lib/python3.10/site-packages/django/db/backends/utils.py", line 67, in execute
[Mon Sep 11 13:42:13.916990 2023] [wsgi:error] [pid 381455:tid 140432712230464] [remote 10.88.1.179:58817]     return self._execute_with_wrappers(
[Mon Sep 11 13:42:13.917018 2023] [wsgi:error] [pid 381455:tid 140432712230464] [remote 10.88.1.179:58817]   File "/django-project/venv/lib/python3.10/site-packages/django/db/backends/utils.py", line 80, in _execute_with_wrappers
[Mon Sep 11 13:42:13.917046 2023] [wsgi:error] [pid 381455:tid 140432712230464] [remote 10.88.1.179:58817]     return executor(sql, params, many, context)
[Mon Sep 11 13:42:13.917073 2023] [wsgi:error] [pid 381455:tid 140432712230464] [remote 10.88.1.179:58817]   File "/django-project/venv/lib/python3.10/site-packages/django/db/backends/utils.py", line 84, in _execute
[Mon Sep 11 13:42:13.917101 2023] [wsgi:error] [pid 381455:tid 140432712230464] [remote 10.88.1.179:58817]     with self.db.wrap_database_errors:
[Mon Sep 11 13:42:13.917129 2023] [wsgi:error] [pid 381455:tid 140432712230464] [remote 10.88.1.179:58817]   File "/django-project/venv/lib/python3.10/site-packages/django/db/utils.py", line 91, in __exit__
[Mon Sep 11 13:42:13.917154 2023] [wsgi:error] [pid 381455:tid 140432712230464] [remote 10.88.1.179:58817]     raise dj_exc_value.with_traceback(traceback) from exc_value
[Mon Sep 11 13:42:13.917182 2023] [wsgi:error] [pid 381455:tid 140432712230464] [remote 10.88.1.179:58817]   File "/django-project/venv/lib/python3.10/site-packages/django/db/backends/utils.py", line 89, in _execute
[Mon Sep 11 13:42:13.917210 2023] [wsgi:error] [pid 381455:tid 140432712230464] [remote 10.88.1.179:58817]     return self.cursor.execute(sql, params)
[Mon Sep 11 13:42:13.917237 2023] [wsgi:error] [pid 381455:tid 140432712230464] [remote 10.88.1.179:58817]   File "/django-project/venv/lib/python3.10/site-packages/django/db/backends/mysql/base.py", line 75, in execute
[Mon Sep 11 13:42:13.917264 2023] [wsgi:error] [pid 381455:tid 140432712230464] [remote 10.88.1.179:58817]     return self.cursor.execute(query, args)
[Mon Sep 11 13:42:13.917292 2023] [wsgi:error] [pid 381455:tid 140432712230464] [remote 10.88.1.179:58817]   File "/django-project/venv/lib/python3.10/site-packages/MySQLdb/cursors.py", line 179, in execute
[Mon Sep 11 13:42:13.917320 2023] [wsgi:error] [pid 381455:tid 140432712230464] [remote 10.88.1.179:58817]     res = self._query(mogrified_query)
[Mon Sep 11 13:42:13.917348 2023] [wsgi:error] [pid 381455:tid 140432712230464] [remote 10.88.1.179:58817]   File "/django-project/venv/lib/python3.10/site-packages/MySQLdb/cursors.py", line 330, in _query
[Mon Sep 11 13:42:13.917379 2023] [wsgi:error] [pid 381455:tid 140432712230464] [remote 10.88.1.179:58817]     db.query(q)
[Mon Sep 11 13:42:13.917407 2023] [wsgi:error] [pid 381455:tid 140432712230464] [remote 10.88.1.179:58817]   File "/django-project/venv/lib/python3.10/site-packages/MySQLdb/connections.py", line 255, in query
[Mon Sep 11 13:42:13.917435 2023] [wsgi:error] [pid 381455:tid 140432712230464] [remote 10.88.1.179:58817]     _mysql.connection.query(self, query)
[Mon Sep 11 13:42:13.917462 2023] [wsgi:error] [pid 381455:tid 140432712230464] [remote 10.88.1.179:58817] django.db.utils.OperationalError: (1054, "Unknown column 'battery_tested_link.id' in 'field list'")
[Mon Sep 11 13:42:16.772683 2023] [wsgi:error] [pid 381455:tid 140432712230464] [remote 10.88.1.179:58818] Internal Server Error: /admin/catalog/battery_contact_link/
[Mon Sep 11 13:42:16.772810 2023] [wsgi:error] [pid 381455:tid 140432712230464] [remote 10.88.1.179:58818] Traceback (most recent call last):
[Mon Sep 11 13:42:16.772846 2023] [wsgi:error] [pid 381455:tid 140432712230464] [remote 10.88.1.179:58818]   File "/django-project/venv/lib/python3.10/site-packages/django/db/backends/utils.py", line 89, in _execute
[Mon Sep 11 13:42:16.772876 2023] [wsgi:error] [pid 381455:tid 140432712230464] [remote 10.88.1.179:58818]     return self.cursor.execute(sql, params)
[Mon Sep 11 13:42:16.772902 2023] [wsgi:error] [pid 381455:tid 140432712230464] [remote 10.88.1.179:58818]   File "/django-project/venv/lib/python3.10/site-packages/django/db/backends/mysql/base.py", line 75, in execute
[Mon Sep 11 13:42:16.772927 2023] [wsgi:error] [pid 381455:tid 140432712230464] [remote 10.88.1.179:58818]     return self.cursor.execute(query, args)
[Mon Sep 11 13:42:16.772952 2023] [wsgi:error] [pid 381455:tid 140432712230464] [remote 10.88.1.179:58818]   File "/django-project/venv/lib/python3.10/site-packages/MySQLdb/cursors.py", line 179, in execute
[Mon Sep 11 13:42:16.772977 2023] [wsgi:error] [pid 381455:tid 140432712230464] [remote 10.88.1.179:58818]     res = self._query(mogrified_query)
[Mon Sep 11 13:42:16.773003 2023] [wsgi:error] [pid 381455:tid 140432712230464] [remote 10.88.1.179:58818]   File "/django-project/venv/lib/python3.10/site-packages/MySQLdb/cursors.py", line 330, in _query
[Mon Sep 11 13:42:16.773031 2023] [wsgi:error] [pid 381455:tid 140432712230464] [remote 10.88.1.179:58818]     db.query(q)
[Mon Sep 11 13:42:16.773056 2023] [wsgi:error] [pid 381455:tid 140432712230464] [remote 10.88.1.179:58818]   File "/django-project/venv/lib/python3.10/site-packages/MySQLdb/connections.py", line 255, in query
[Mon Sep 11 13:42:16.773084 2023] [wsgi:error] [pid 381455:tid 140432712230464] [remote 10.88.1.179:58818]     _mysql.connection.query(self, query)
[Mon Sep 11 13:42:16.773110 2023] [wsgi:error] [pid 381455:tid 140432712230464] [remote 10.88.1.179:58818] MySQLdb.OperationalError: (1054, "Unknown column 'battery_contact_link.id' in 'field list'")
[Mon Sep 11 13:42:16.773138 2023] [wsgi:error] [pid 381455:tid 140432712230464] [remote 10.88.1.179:58818] 
[Mon Sep 11 13:42:16.773165 2023] [wsgi:error] [pid 381455:tid 140432712230464] [remote 10.88.1.179:58818] The above exception was the direct cause of the following exception:
[Mon Sep 11 13:42:16.773193 2023] [wsgi:error] [pid 381455:tid 140432712230464] [remote 10.88.1.179:58818] 
[Mon Sep 11 13:42:16.773218 2023] [wsgi:error] [pid 381455:tid 140432712230464] [remote 10.88.1.179:58818] Traceback (most recent call last):
[Mon Sep 11 13:42:16.773246 2023] [wsgi:error] [pid 381455:tid 140432712230464] [remote 10.88.1.179:58818]   File "/django-project/venv/lib/python3.10/site-packages/django/core/handlers/exception.py", line 55, in inner
[Mon Sep 11 13:42:16.773274 2023] [wsgi:error] [pid 381455:tid 140432712230464] [remote 10.88.1.179:58818]     response = get_response(request)
[Mon Sep 11 13:42:16.773301 2023] [wsgi:error] [pid 381455:tid 140432712230464] [remote 10.88.1.179:58818]   File "/django-project/venv/lib/python3.10/site-packages/django/core/handlers/base.py", line 197, in _get_response
[Mon Sep 11 13:42:16.773337 2023] [wsgi:error] [pid 381455:tid 140432712230464] [remote 10.88.1.179:58818]     response = wrapped_callback(request, *callback_args, **callback_kwargs)
[Mon Sep 11 13:42:16.773365 2023] [wsgi:error] [pid 381455:tid 140432712230464] [remote 10.88.1.179:58818]   File "/django-project/venv/lib/python3.10/site-packages/django/contrib/admin/options.py", line 688, in wrapper
[Mon Sep 11 13:42:16.773393 2023] [wsgi:error] [pid 381455:tid 140432712230464] [remote 10.88.1.179:58818]     return self.admin_site.admin_view(view)(*args, **kwargs)
[Mon Sep 11 13:42:16.773424 2023] [wsgi:error] [pid 381455:tid 140432712230464] [remote 10.88.1.179:58818]   File "/django-project/venv/lib/python3.10/site-packages/django/utils/decorators.py", line 134, in _wrapper_view
[Mon Sep 11 13:42:16.773454 2023] [wsgi:error] [pid 381455:tid 140432712230464] [remote 10.88.1.179:58818]     response = view_func(request, *args, **kwargs)
[Mon Sep 11 13:42:16.773485 2023] [wsgi:error] [pid 381455:tid 140432712230464] [remote 10.88.1.179:58818]   File "/django-project/venv/lib/python3.10/site-packages/django/views/decorators/cache.py", line 62, in _wrapper_view_func
[Mon Sep 11 13:42:16.773515 2023] [wsgi:error] [pid 381455:tid 140432712230464] [remote 10.88.1.179:58818]     response = view_func(request, *args, **kwargs)
[Mon Sep 11 13:42:16.773545 2023] [wsgi:error] [pid 381455:tid 140432712230464] [remote 10.88.1.179:58818]   File "/django-project/venv/lib/python3.10/site-packages/django/contrib/admin/sites.py", line 242, in inner
[Mon Sep 11 13:42:16.773574 2023] [wsgi:error] [pid 381455:tid 140432712230464] [remote 10.88.1.179:58818]     return view(request, *args, **kwargs)
[Mon Sep 11 13:42:16.773604 2023] [wsgi:error] [pid 381455:tid 140432712230464] [remote 10.88.1.179:58818]   File "/django-project/venv/lib/python3.10/site-packages/django/utils/decorators.py", line 46, in _wrapper
[Mon Sep 11 13:42:16.773634 2023] [wsgi:error] [pid 381455:tid 140432712230464] [remote 10.88.1.179:58818]     return bound_method(*args, **kwargs)
[Mon Sep 11 13:42:16.773665 2023] [wsgi:error] [pid 381455:tid 140432712230464] [remote 10.88.1.179:58818]   File "/django-project/venv/lib/python3.10/site-packages/django/utils/decorators.py", line 134, in _wrapper_view
[Mon Sep 11 13:42:16.773695 2023] [wsgi:error] [pid 381455:tid 140432712230464] [remote 10.88.1.179:58818]     response = view_func(request, *args, **kwargs)
[Mon Sep 11 13:42:16.773731 2023] [wsgi:error] [pid 381455:tid 140432712230464] [remote 10.88.1.179:58818]   File "/django-project/venv/lib/python3.10/site-packages/django/contrib/admin/options.py", line 2065, in changelist_view
[Mon Sep 11 13:42:16.773761 2023] [wsgi:error] [pid 381455:tid 140432712230464] [remote 10.88.1.179:58818]     "selection_note": _("0 of %(cnt)s selected") % {"cnt": len(cl.result_list)},
[Mon Sep 11 13:42:16.773792 2023] [wsgi:error] [pid 381455:tid 140432712230464] [remote 10.88.1.179:58818]   File "/django-project/venv/lib/python3.10/site-packages/django/db/models/query.py", line 380, in __len__
[Mon Sep 11 13:42:16.773822 2023] [wsgi:error] [pid 381455:tid 140432712230464] [remote 10.88.1.179:58818]     self._fetch_all()
[Mon Sep 11 13:42:16.773852 2023] [wsgi:error] [pid 381455:tid 140432712230464] [remote 10.88.1.179:58818]   File "/django-project/venv/lib/python3.10/site-packages/django/db/models/query.py", line 1881, in _fetch_all
[Mon Sep 11 13:42:16.773882 2023] [wsgi:error] [pid 381455:tid 140432712230464] [remote 10.88.1.179:58818]     self._result_cache = list(self._iterable_class(self))
[Mon Sep 11 13:42:16.773912 2023] [wsgi:error] [pid 381455:tid 140432712230464] [remote 10.88.1.179:58818]   File "/django-project/venv/lib/python3.10/site-packages/django/db/models/query.py", line 91, in __iter__
[Mon Sep 11 13:42:16.773942 2023] [wsgi:error] [pid 381455:tid 140432712230464] [remote 10.88.1.179:58818]     results = compiler.execute_sql(
[Mon Sep 11 13:42:16.773972 2023] [wsgi:error] [pid 381455:tid 140432712230464] [remote 10.88.1.179:58818]   File "/django-project/venv/lib/python3.10/site-packages/django/db/models/sql/compiler.py", line 1562, in execute_sql
[Mon Sep 11 13:42:16.774005 2023] [wsgi:error] [pid 381455:tid 140432712230464] [remote 10.88.1.179:58818]     cursor.execute(sql, params)
[Mon Sep 11 13:42:16.774035 2023] [wsgi:error] [pid 381455:tid 140432712230464] [remote 10.88.1.179:58818]   File "/django-project/venv/lib/python3.10/site-packages/django/db/backends/utils.py", line 67, in execute
[Mon Sep 11 13:42:16.774063 2023] [wsgi:error] [pid 381455:tid 140432712230464] [remote 10.88.1.179:58818]     return self._execute_with_wrappers(
[Mon Sep 11 13:42:16.774093 2023] [wsgi:error] [pid 381455:tid 140432712230464] [remote 10.88.1.179:58818]   File "/django-project/venv/lib/python3.10/site-packages/django/db/backends/utils.py", line 80, in _execute_with_wrappers
[Mon Sep 11 13:42:16.774123 2023] [wsgi:error] [pid 381455:tid 140432712230464] [remote 10.88.1.179:58818]     return executor(sql, params, many, context)
[Mon Sep 11 13:42:16.774153 2023] [wsgi:error] [pid 381455:tid 140432712230464] [remote 10.88.1.179:58818]   File "/django-project/venv/lib/python3.10/site-packages/django/db/backends/utils.py", line 84, in _execute
[Mon Sep 11 13:42:16.774184 2023] [wsgi:error] [pid 381455:tid 140432712230464] [remote 10.88.1.179:58818]     with self.db.wrap_database_errors:
[Mon Sep 11 13:42:16.774213 2023] [wsgi:error] [pid 381455:tid 140432712230464] [remote 10.88.1.179:58818]   File "/django-project/venv/lib/python3.10/site-packages/django/db/utils.py", line 91, in __exit__
[Mon Sep 11 13:42:16.774242 2023] [wsgi:error] [pid 381455:tid 140432712230464] [remote 10.88.1.179:58818]     raise dj_exc_value.with_traceback(traceback) from exc_value
[Mon Sep 11 13:42:16.774272 2023] [wsgi:error] [pid 381455:tid 140432712230464] [remote 10.88.1.179:58818]   File "/django-project/venv/lib/python3.10/site-packages/django/db/backends/utils.py", line 89, in _execute
[Mon Sep 11 13:42:16.774302 2023] [wsgi:error] [pid 381455:tid 140432712230464] [remote 10.88.1.179:58818]     return self.cursor.execute(sql, params)
[Mon Sep 11 13:42:16.774344 2023] [wsgi:error] [pid 381455:tid 140432712230464] [remote 10.88.1.179:58818]   File "/django-project/venv/lib/python3.10/site-packages/django/db/backends/mysql/base.py", line 75, in execute
[Mon Sep 11 13:42:16.774375 2023] [wsgi:error] [pid 381455:tid 140432712230464] [remote 10.88.1.179:58818]     return self.cursor.execute(query, args)
[Mon Sep 11 13:42:16.774405 2023] [wsgi:error] [pid 381455:tid 140432712230464] [remote 10.88.1.179:58818]   File "/django-project/venv/lib/python3.10/site-packages/MySQLdb/cursors.py", line 179, in execute
[Mon Sep 11 13:42:16.774433 2023] [wsgi:error] [pid 381455:tid 140432712230464] [remote 10.88.1.179:58818]     res = self._query(mogrified_query)
[Mon Sep 11 13:42:16.774463 2023] [wsgi:error] [pid 381455:tid 140432712230464] [remote 10.88.1.179:58818]   File "/django-project/venv/lib/python3.10/site-packages/MySQLdb/cursors.py", line 330, in _query
[Mon Sep 11 13:42:16.774493 2023] [wsgi:error] [pid 381455:tid 140432712230464] [remote 10.88.1.179:58818]     db.query(q)
[Mon Sep 11 13:42:16.774522 2023] [wsgi:error] [pid 381455:tid 140432712230464] [remote 10.88.1.179:58818]   File "/django-project/venv/lib/python3.10/site-packages/MySQLdb/connections.py", line 255, in query
[Mon Sep 11 13:42:16.774552 2023] [wsgi:error] [pid 381455:tid 140432712230464] [remote 10.88.1.179:58818]     _mysql.connection.query(self, query)
[Mon Sep 11 13:42:16.774582 2023] [wsgi:error] [pid 381455:tid 140432712230464] [remote 10.88.1.179:58818] django.db.utils.OperationalError: (1054, "Unknown column 'battery_contact_link.id' in 'field list'")
[Wed Sep 13 12:52:55.850155 2023] [wsgi:error] [pid 393999:tid 140432695445056] [remote 10.88.1.193:51171] Not Found: /docs/5.0/dist/css/bootstrap.min.css
[Wed Sep 13 12:52:55.866381 2023] [wsgi:error] [pid 393999:tid 140432712230464] [remote 10.88.1.193:51171] Not Found: /catalog/cover.css
[Wed Sep 13 12:52:55.867820 2023] [wsgi:error] [pid 393999:tid 140432695445056] [remote 10.88.1.193:51172] Not Found: /docs/5.0/dist/css/bootstrap.min.css
[Wed Sep 13 12:52:55.874965 2023] [wsgi:error] [pid 393999:tid 140432712230464] [remote 10.88.1.193:51172] Not Found: /catalog/cover.css
[Wed Sep 13 12:52:55.908533 2023] [wsgi:error] [pid 393999:tid 140432695445056] [remote 10.88.1.193:51172] Not Found: /docs/5.0/assets/img/favicons/favicon.ico
[Wed Sep 13 12:52:55.917736 2023] [wsgi:error] [pid 393999:tid 140432712230464] [remote 10.88.1.193:51172] Not Found: /docs/5.0/assets/img/favicons/favicon-32x32.png
[Wed Sep 13 12:52:55.925933 2023] [wsgi:error] [pid 393999:tid 140432695445056] [remote 10.88.1.193:51172] Not Found: /docs/5.0/assets/img/favicons/favicon-16x16.png
[Wed Sep 13 12:52:59.099072 2023] [wsgi:error] [pid 393999:tid 140432695445056] [remote 10.88.1.193:51172] Not Found: /docs/5.0/dist/css/bootstrap.min.css
[Wed Sep 13 12:52:59.106854 2023] [wsgi:error] [pid 393999:tid 140432712230464] [remote 10.88.1.193:51171] Not Found: /all_sites/cover.css
[Wed Sep 13 12:52:59.109984 2023] [wsgi:error] [pid 393999:tid 140432695445056] [remote 10.88.1.193:51172] Not Found: /docs/5.0/dist/css/bootstrap.min.css
[Wed Sep 13 12:52:59.117935 2023] [wsgi:error] [pid 393999:tid 140432712230464] [remote 10.88.1.193:51172] Not Found: /all_sites/cover.css
[Wed Sep 13 12:53:00.880796 2023] [wsgi:error] [pid 393999:tid 140432712230464] [remote 10.88.1.193:51172] Not Found: /docs/5.0/dist/css/bootstrap.min.css
[Wed Sep 13 12:53:00.889002 2023] [wsgi:error] [pid 393999:tid 140432695445056] [remote 10.88.1.193:51172] Not Found: /all_sites/site_display/1/cover.css
[Wed Sep 13 12:53:00.890479 2023] [wsgi:error] [pid 393999:tid 140432712230464] [remote 10.88.1.193:51171] Not Found: /docs/5.0/dist/css/bootstrap.min.css
[Wed Sep 13 12:53:00.899552 2023] [wsgi:error] [pid 393999:tid 140432695445056] [remote 10.88.1.193:51171] Not Found: /all_sites/site_display/1/cover.css
[Wed Sep 13 12:53:13.432733 2023] [wsgi:error] [pid 393999:tid 140432695445056] [remote 10.88.1.193:51176] Not Found: /docs/5.0/dist/css/bootstrap.min.css
[Wed Sep 13 12:53:13.441011 2023] [wsgi:error] [pid 393999:tid 140432712230464] [remote 10.88.1.193:51177] Not Found: /all_sites/cover.css
[Wed Sep 13 12:53:13.447650 2023] [wsgi:error] [pid 393999:tid 140432695445056] [remote 10.88.1.193:51177] Not Found: /docs/5.0/dist/css/bootstrap.min.css
[Wed Sep 13 12:53:13.455899 2023] [wsgi:error] [pid 393999:tid 140432712230464] [remote 10.88.1.193:51177] Not Found: /all_sites/cover.css
[Thu Sep 14 12:28:47.501269 2023] [wsgi:error] [pid 401366:tid 140432703837760] [remote 10.88.1.193:57152] Not Found: /docs/5.0/dist/css/bootstrap.min.css
[Thu Sep 14 12:28:47.513837 2023] [wsgi:error] [pid 401366:tid 140432712230464] [remote 10.88.1.193:57152] Not Found: /catalog/cover.css
[Thu Sep 14 12:28:47.525121 2023] [wsgi:error] [pid 401366:tid 140432703837760] [remote 10.88.1.193:57153] Not Found: /docs/5.0/dist/css/bootstrap.min.css
[Thu Sep 14 12:28:47.544146 2023] [wsgi:error] [pid 401366:tid 140432712230464] [remote 10.88.1.193:57153] Not Found: /catalog/cover.css
[Thu Sep 14 12:28:47.572900 2023] [wsgi:error] [pid 401366:tid 140432703837760] [remote 10.88.1.193:57153] Not Found: /docs/5.0/assets/img/favicons/favicon.ico
[Thu Sep 14 12:28:47.583987 2023] [wsgi:error] [pid 401366:tid 140432712230464] [remote 10.88.1.193:57153] Not Found: /docs/5.0/assets/img/favicons/favicon-32x32.png
[Thu Sep 14 12:28:47.595330 2023] [wsgi:error] [pid 401366:tid 140432703837760] [remote 10.88.1.193:57153] Not Found: /docs/5.0/assets/img/favicons/favicon-16x16.png
[Thu Sep 14 12:28:54.595610 2023] [wsgi:error] [pid 401366:tid 140432703837760] [remote 10.88.1.193:57154] Not Found: /docs/5.0/dist/css/bootstrap.min.css
[Thu Sep 14 12:28:54.603722 2023] [wsgi:error] [pid 401366:tid 140432712230464] [remote 10.88.1.193:57155] Not Found: /all_sites/cover.css
[Thu Sep 14 12:28:54.607261 2023] [wsgi:error] [pid 401366:tid 140432703837760] [remote 10.88.1.193:57154] Not Found: /docs/5.0/dist/css/bootstrap.min.css
[Thu Sep 14 12:28:54.616195 2023] [wsgi:error] [pid 401366:tid 140432712230464] [remote 10.88.1.193:57154] Not Found: /all_sites/cover.css
[Thu Sep 14 12:28:56.054354 2023] [wsgi:error] [pid 401366:tid 140432712230464] [remote 10.88.1.193:57154] Not Found: /docs/5.0/dist/css/bootstrap.min.css
[Thu Sep 14 12:28:56.064199 2023] [wsgi:error] [pid 401366:tid 140432703837760] [remote 10.88.1.193:57154] Not Found: /docs/5.0/dist/css/bootstrap.min.css
[Thu Sep 14 12:28:56.064962 2023] [wsgi:error] [pid 401366:tid 140432712230464] [remote 10.88.1.193:57155] Not Found: /all_sites/site_display/1/cover.css
[Thu Sep 14 12:28:56.073145 2023] [wsgi:error] [pid 401366:tid 140432636687936] [remote 10.88.1.193:57154] Not Found: /all_sites/site_display/1/cover.css
[Thu Sep 14 12:29:04.598435 2023] [wsgi:error] [pid 401366:tid 140432636687936] [remote 10.88.1.193:57156] Not Found: /docs/5.0/dist/css/bootstrap.min.css
[Thu Sep 14 12:29:04.610898 2023] [wsgi:error] [pid 401366:tid 140432712230464] [remote 10.88.1.193:57156] Not Found: /all_sites/cover.css
[Thu Sep 14 12:29:04.614263 2023] [wsgi:error] [pid 401366:tid 140432636687936] [remote 10.88.1.193:57157] Not Found: /docs/5.0/dist/css/bootstrap.min.css
[Thu Sep 14 12:29:04.622643 2023] [wsgi:error] [pid 401366:tid 140432712230464] [remote 10.88.1.193:57157] Not Found: /all_sites/cover.css
[Thu Sep 14 12:29:06.013251 2023] [wsgi:error] [pid 401366:tid 140432712230464] [remote 10.88.1.193:57157] Not Found: /docs/5.0/dist/css/bootstrap.min.css
[Thu Sep 14 12:29:06.021112 2023] [wsgi:error] [pid 401366:tid 140432636687936] [remote 10.88.1.193:57157] Not Found: /docs/5.0/dist/css/bootstrap.min.css
[Thu Sep 14 12:29:06.021714 2023] [wsgi:error] [pid 401366:tid 140432712230464] [remote 10.88.1.193:57156] Not Found: /all_sites/site_display/3/cover.css
[Thu Sep 14 12:29:06.030193 2023] [wsgi:error] [pid 401366:tid 140432703837760] [remote 10.88.1.193:57157] Not Found: /all_sites/site_display/3/cover.css
[Thu Sep 14 12:29:11.882729 2023] [wsgi:error] [pid 401366:tid 140432703837760] [remote 10.88.1.193:57158] Not Found: /docs/5.0/dist/css/bootstrap.min.css
[Thu Sep 14 12:29:11.900793 2023] [wsgi:error] [pid 401366:tid 140432636687936] [remote 10.88.1.193:57159] Not Found: /all_sites/cover.css
[Thu Sep 14 12:29:11.914998 2023] [wsgi:error] [pid 401366:tid 140432703837760] [remote 10.88.1.193:57159] Not Found: /docs/5.0/dist/css/bootstrap.min.css
[Thu Sep 14 12:29:11.923698 2023] [wsgi:error] [pid 401366:tid 140432636687936] [remote 10.88.1.193:57159] Not Found: /all_sites/cover.css
[Thu Sep 14 12:29:15.433306 2023] [wsgi:error] [pid 401366:tid 140432636687936] [remote 10.88.1.193:57159] Not Found: /docs/5.0/dist/css/bootstrap.min.css
[Thu Sep 14 12:29:15.441809 2023] [wsgi:error] [pid 401366:tid 140432703837760] [remote 10.88.1.193:57159] Not Found: /all_sites/site_display/28/cover.css
[Thu Sep 14 12:29:15.443029 2023] [wsgi:error] [pid 401366:tid 140432636687936] [remote 10.88.1.193:57158] Not Found: /docs/5.0/dist/css/bootstrap.min.css
[Thu Sep 14 12:29:15.451270 2023] [wsgi:error] [pid 401366:tid 140432703837760] [remote 10.88.1.193:57158] Not Found: /all_sites/site_display/28/cover.css
[Thu Sep 14 12:29:21.744886 2023] [wsgi:error] [pid 401366:tid 140432703837760] [remote 10.88.1.193:57160] Not Found: /docs/5.0/dist/css/bootstrap.min.css
[Thu Sep 14 12:29:21.754773 2023] [wsgi:error] [pid 401366:tid 140432636687936] [remote 10.88.1.193:57160] Not Found: /all_sites/cover.css
[Thu Sep 14 12:29:21.757642 2023] [wsgi:error] [pid 401366:tid 140432703837760] [remote 10.88.1.193:57161] Not Found: /docs/5.0/dist/css/bootstrap.min.css
[Thu Sep 14 12:29:21.765961 2023] [wsgi:error] [pid 401366:tid 140432636687936] [remote 10.88.1.193:57161] Not Found: /all_sites/cover.css
[Thu Sep 14 12:29:25.770239 2023] [wsgi:error] [pid 401366:tid 140432636687936] [remote 10.88.1.193:57161] Not Found: /docs/5.0/dist/css/bootstrap.min.css
[Thu Sep 14 12:29:25.813651 2023] [wsgi:error] [pid 401366:tid 140432703837760] [remote 10.88.1.193:57161] Not Found: /all_sites/site_display/32/cover.css
[Thu Sep 14 12:29:25.814456 2023] [wsgi:error] [pid 401366:tid 140432636687936] [remote 10.88.1.193:57160] Not Found: /docs/5.0/dist/css/bootstrap.min.css
[Thu Sep 14 12:29:25.824561 2023] [wsgi:error] [pid 401366:tid 140432712230464] [remote 10.88.1.193:57161] Not Found: /all_sites/site_display/32/cover.css
[Thu Sep 14 12:29:48.364109 2023] [wsgi:error] [pid 401366:tid 140432712230464] [remote 10.88.1.193:57167] Not Found: /docs/5.0/dist/css/bootstrap.min.css
[Thu Sep 14 12:29:48.373743 2023] [wsgi:error] [pid 401366:tid 140432636687936] [remote 10.88.1.193:57168] Not Found: /all_sites/cover.css
[Thu Sep 14 12:29:48.380473 2023] [wsgi:error] [pid 401366:tid 140432712230464] [remote 10.88.1.193:57168] Not Found: /docs/5.0/dist/css/bootstrap.min.css
[Thu Sep 14 12:29:48.389968 2023] [wsgi:error] [pid 401366:tid 140432636687936] [remote 10.88.1.193:57168] Not Found: /all_sites/cover.css
[Thu Sep 14 12:41:45.250156 2023] [wsgi:error] [pid 401366:tid 140432636687936] [remote 10.88.1.193:57237] Not Found: /docs/5.0/dist/css/bootstrap.min.css
[Thu Sep 14 12:41:50.836956 2023] [wsgi:error] [pid 401366:tid 140432636687936] [remote 10.88.1.193:57238] Not Found: /docs/5.0/dist/css/bootstrap.min.css
[Thu Sep 14 12:41:50.864706 2023] [wsgi:error] [pid 401366:tid 140432712230464] [remote 10.88.1.193:57238] Not Found: /all_sites/cover.css
[Thu Sep 14 12:41:50.873608 2023] [wsgi:error] [pid 401366:tid 140432636687936] [remote 10.88.1.193:57240] Not Found: /docs/5.0/dist/css/bootstrap.min.css
[Thu Sep 14 12:41:50.895203 2023] [wsgi:error] [pid 401366:tid 140432712230464] [remote 10.88.1.193:57240] Not Found: /all_sites/cover.css
[Thu Sep 14 12:41:55.020911 2023] [wsgi:error] [pid 401366:tid 140432712230464] [remote 10.88.1.193:57240] Not Found: /docs/5.0/dist/css/bootstrap.min.css
[Thu Sep 14 12:41:55.029311 2023] [wsgi:error] [pid 401366:tid 140432636687936] [remote 10.88.1.193:57238] Not Found: /all_sites/site_display/32/cover.css
[Thu Sep 14 12:41:55.034901 2023] [wsgi:error] [pid 401366:tid 140432712230464] [remote 10.88.1.193:57238] Not Found: /docs/5.0/dist/css/bootstrap.min.css
[Thu Sep 14 12:41:55.042885 2023] [wsgi:error] [pid 401366:tid 140432636687936] [remote 10.88.1.193:57238] Not Found: /all_sites/site_display/32/cover.css
[Thu Sep 14 12:41:58.565172 2023] [wsgi:error] [pid 401366:tid 140432636687936] [remote 10.88.1.193:57238] Not Found: /docs/5.0/dist/css/bootstrap.min.css
[Thu Sep 14 12:41:58.571917 2023] [wsgi:error] [pid 401366:tid 140432712230464] [remote 10.88.1.193:57238] Not Found: /all_sites/cover.css
[Thu Sep 14 12:41:58.582005 2023] [wsgi:error] [pid 401366:tid 140432636687936] [remote 10.88.1.193:57240] Not Found: /docs/5.0/dist/css/bootstrap.min.css
[Thu Sep 14 12:41:58.596709 2023] [wsgi:error] [pid 401366:tid 140432712230464] [remote 10.88.1.193:57240] Not Found: /all_sites/cover.css
[Thu Sep 14 13:19:45.742582 2023] [wsgi:error] [pid 401366:tid 140432712230464] [remote 10.88.1.193:57762] Not Found: /docs/5.0/dist/css/bootstrap.min.css
[Thu Sep 14 13:19:45.753557 2023] [wsgi:error] [pid 401366:tid 140432636687936] [remote 10.88.1.193:57763] Not Found: /catalog/cover.css
[Thu Sep 14 13:19:45.757728 2023] [wsgi:error] [pid 401366:tid 140432712230464] [remote 10.88.1.193:57762] Not Found: /docs/5.0/dist/css/bootstrap.min.css
[Thu Sep 14 13:19:45.779029 2023] [wsgi:error] [pid 401366:tid 140432636687936] [remote 10.88.1.193:57762] Not Found: /catalog/cover.css
[Thu Sep 14 13:19:47.934965 2023] [wsgi:error] [pid 401366:tid 140432636687936] [remote 10.88.1.193:57762] Not Found: /docs/5.0/dist/css/bootstrap.min.css
[Thu Sep 14 13:19:47.941377 2023] [wsgi:error] [pid 401366:tid 140432712230464] [remote 10.88.1.193:57763] Not Found: /all_sites/cover.css
[Thu Sep 14 13:19:47.950350 2023] [wsgi:error] [pid 401366:tid 140432636687936] [remote 10.88.1.193:57763] Not Found: /docs/5.0/dist/css/bootstrap.min.css
[Thu Sep 14 13:19:47.960335 2023] [wsgi:error] [pid 401366:tid 140432712230464] [remote 10.88.1.193:57763] Not Found: /all_sites/cover.css
[Thu Sep 14 13:19:51.081760 2023] [wsgi:error] [pid 401366:tid 140432712230464] [remote 10.88.1.193:57763] Not Found: /docs/5.0/dist/css/bootstrap.min.css
[Thu Sep 14 13:19:51.088832 2023] [wsgi:error] [pid 401366:tid 140432636687936] [remote 10.88.1.193:57763] Not Found: /all_sites/site_display/32/cover.css
[Thu Sep 14 13:19:51.095052 2023] [wsgi:error] [pid 401366:tid 140432712230464] [remote 10.88.1.193:57763] Not Found: /docs/5.0/dist/css/bootstrap.min.css
[Thu Sep 14 13:19:51.107071 2023] [wsgi:error] [pid 401366:tid 140432636687936] [remote 10.88.1.193:57763] Not Found: /all_sites/site_display/32/cover.css
[Fri Sep 15 15:06:55.328363 2023] [wsgi:error] [pid 408085:tid 140353666655808] [remote 10.88.1.179:49225] Not Found: /docs/5.0/dist/css/bootstrap.min.css
[Fri Sep 15 15:06:55.434609 2023] [wsgi:error] [pid 408085:tid 140353775769152] [remote 10.88.1.179:49225] Not Found: /catalog/cover.css
[Fri Sep 15 15:06:55.438628 2023] [wsgi:error] [pid 408085:tid 140353666655808] [remote 10.88.1.179:49225] Not Found: /docs/5.0/dist/css/bootstrap.min.css
[Fri Sep 15 15:06:55.459492 2023] [wsgi:error] [pid 408085:tid 140353775769152] [remote 10.88.1.179:49225] Not Found: /catalog/cover.css
[Fri Sep 15 15:06:55.585881 2023] [wsgi:error] [pid 408085:tid 140353666655808] [remote 10.88.1.179:49225] Not Found: /docs/5.0/assets/img/favicons/favicon.ico
[Fri Sep 15 15:06:55.592401 2023] [wsgi:error] [pid 408085:tid 140353775769152] [remote 10.88.1.179:49225] Not Found: /docs/5.0/assets/img/favicons/favicon-32x32.png
[Fri Sep 15 15:06:55.597408 2023] [wsgi:error] [pid 408085:tid 140353666655808] [remote 10.88.1.179:49225] Not Found: /docs/5.0/assets/img/favicons/favicon-16x16.png
[Fri Sep 15 15:06:58.939586 2023] [wsgi:error] [pid 408085:tid 140353666655808] [remote 10.88.1.179:49225] Not Found: /docs/5.0/dist/css/bootstrap.min.css
[Fri Sep 15 15:06:58.971156 2023] [wsgi:error] [pid 408085:tid 140353775769152] [remote 10.88.1.179:49226] Not Found: /catalog/cover.css
[Fri Sep 15 15:06:58.984997 2023] [wsgi:error] [pid 408085:tid 140353666655808] [remote 10.88.1.179:49226] Not Found: /docs/5.0/dist/css/bootstrap.min.css
[Fri Sep 15 15:06:58.991369 2023] [wsgi:error] [pid 408085:tid 140353775769152] [remote 10.88.1.179:49226] Not Found: /catalog/cover.css
