[Fri Sep 29 16:52:07.779373 2023] [wsgi:error] [pid 451291:tid 140450225153600] [remote 10.88.1.179:51037]   File "/django-project/venv/lib/python3.10/site-packages/django/contrib/admin/sites.py", line 242, in inner
[Fri Sep 29 16:52:07.779376 2023] [wsgi:error] [pid 451291:tid 140450225153600] [remote 10.88.1.179:51037]     return view(request, *args, **kwargs)
[Fri Sep 29 16:52:07.779379 2023] [wsgi:error] [pid 451291:tid 140450225153600] [remote 10.88.1.179:51037]   File "/django-project/venv/lib/python3.10/site-packages/django/utils/decorators.py", line 46, in _wrapper
[Fri Sep 29 16:52:07.779381 2023] [wsgi:error] [pid 451291:tid 140450225153600] [remote 10.88.1.179:51037]     return bound_method(*args, **kwargs)
[Fri Sep 29 16:52:07.779383 2023] [wsgi:error] [pid 451291:tid 140450225153600] [remote 10.88.1.179:51037]   File "/django-project/venv/lib/python3.10/site-packages/django/utils/decorators.py", line 134, in _wrapper_view
[Fri Sep 29 16:52:07.779385 2023] [wsgi:error] [pid 451291:tid 140450225153600] [remote 10.88.1.179:51037]     response = view_func(request, *args, **kwargs)
[Fri Sep 29 16:52:07.779387 2023] [wsgi:error] [pid 451291:tid 140450225153600] [remote 10.88.1.179:51037]   File "/django-project/venv/lib/python3.10/site-packages/django/contrib/admin/options.py", line 2065, in changelist_view
[Fri Sep 29 16:52:07.779393 2023] [wsgi:error] [pid 451291:tid 140450225153600] [remote 10.88.1.179:51037]     "selection_note": _("0 of %(cnt)s selected") % {"cnt": len(cl.result_list)},
[Fri Sep 29 16:52:07.779395 2023] [wsgi:error] [pid 451291:tid 140450225153600] [remote 10.88.1.179:51037]   File "/django-project/venv/lib/python3.10/site-packages/django/db/models/query.py", line 380, in __len__
[Fri Sep 29 16:52:07.779396 2023] [wsgi:error] [pid 451291:tid 140450225153600] [remote 10.88.1.179:51037]     self._fetch_all()
[Fri Sep 29 16:52:07.779398 2023] [wsgi:error] [pid 451291:tid 140450225153600] [remote 10.88.1.179:51037]   File "/django-project/venv/lib/python3.10/site-packages/django/db/models/query.py", line 1881, in _fetch_all
[Fri Sep 29 16:52:07.779400 2023] [wsgi:error] [pid 451291:tid 140450225153600] [remote 10.88.1.179:51037]     self._result_cache = list(self._iterable_class(self))
[Fri Sep 29 16:52:07.779402 2023] [wsgi:error] [pid 451291:tid 140450225153600] [remote 10.88.1.179:51037]   File "/django-project/venv/lib/python3.10/site-packages/django/db/models/query.py", line 91, in __iter__
[Fri Sep 29 16:52:07.779404 2023] [wsgi:error] [pid 451291:tid 140450225153600] [remote 10.88.1.179:51037]     results = compiler.execute_sql(
[Fri Sep 29 16:52:07.779405 2023] [wsgi:error] [pid 451291:tid 140450225153600] [remote 10.88.1.179:51037]   File "/django-project/venv/lib/python3.10/site-packages/django/db/models/sql/compiler.py", line 1562, in execute_sql
[Fri Sep 29 16:52:07.779407 2023] [wsgi:error] [pid 451291:tid 140450225153600] [remote 10.88.1.179:51037]     cursor.execute(sql, params)
[Fri Sep 29 16:52:07.779409 2023] [wsgi:error] [pid 451291:tid 140450225153600] [remote 10.88.1.179:51037]   File "/django-project/venv/lib/python3.10/site-packages/django/db/backends/utils.py", line 67, in execute
[Fri Sep 29 16:52:07.779411 2023] [wsgi:error] [pid 451291:tid 140450225153600] [remote 10.88.1.179:51037]     return self._execute_with_wrappers(
[Fri Sep 29 16:52:07.779412 2023] [wsgi:error] [pid 451291:tid 140450225153600] [remote 10.88.1.179:51037]   File "/django-project/venv/lib/python3.10/site-packages/django/db/backends/utils.py", line 80, in _execute_with_wrappers
[Fri Sep 29 16:52:07.779414 2023] [wsgi:error] [pid 451291:tid 140450225153600] [remote 10.88.1.179:51037]     return executor(sql, params, many, context)
[Fri Sep 29 16:52:07.779416 2023] [wsgi:error] [pid 451291:tid 140450225153600] [remote 10.88.1.179:51037]   File "/django-project/venv/lib/python3.10/site-packages/django/db/backends/utils.py", line 84, in _execute
[Fri Sep 29 16:52:07.779418 2023] [wsgi:error] [pid 451291:tid 140450225153600] [remote 10.88.1.179:51037]     with self.db.wrap_database_errors:
[Fri Sep 29 16:52:07.779419 2023] [wsgi:error] [pid 451291:tid 140450225153600] [remote 10.88.1.179:51037]   File "/django-project/venv/lib/python3.10/site-packages/django/db/utils.py", line 91, in __exit__
[Fri Sep 29 16:52:07.779421 2023] [wsgi:error] [pid 451291:tid 140450225153600] [remote 10.88.1.179:51037]     raise dj_exc_value.with_traceback(traceback) from exc_value
[Fri Sep 29 16:52:07.779423 2023] [wsgi:error] [pid 451291:tid 140450225153600] [remote 10.88.1.179:51037]   File "/django-project/venv/lib/python3.10/site-packages/django/db/backends/utils.py", line 89, in _execute
[Fri Sep 29 16:52:07.779425 2023] [wsgi:error] [pid 451291:tid 140450225153600] [remote 10.88.1.179:51037]     return self.cursor.execute(sql, params)
[Fri Sep 29 16:52:07.779426 2023] [wsgi:error] [pid 451291:tid 140450225153600] [remote 10.88.1.179:51037]   File "/django-project/venv/lib/python3.10/site-packages/django/db/backends/mysql/base.py", line 75, in execute
[Fri Sep 29 16:52:07.779428 2023] [wsgi:error] [pid 451291:tid 140450225153600] [remote 10.88.1.179:51037]     return self.cursor.execute(query, args)
[Fri Sep 29 16:52:07.779430 2023] [wsgi:error] [pid 451291:tid 140450225153600] [remote 10.88.1.179:51037]   File "/django-project/venv/lib/python3.10/site-packages/MySQLdb/cursors.py", line 179, in execute
[Fri Sep 29 16:52:07.779435 2023] [wsgi:error] [pid 451291:tid 140450225153600] [remote 10.88.1.179:51037]     res = self._query(mogrified_query)
[Fri Sep 29 16:52:07.779437 2023] [wsgi:error] [pid 451291:tid 140450225153600] [remote 10.88.1.179:51037]   File "/django-project/venv/lib/python3.10/site-packages/MySQLdb/cursors.py", line 330, in _query
[Fri Sep 29 16:52:07.779438 2023] [wsgi:error] [pid 451291:tid 140450225153600] [remote 10.88.1.179:51037]     db.query(q)
[Fri Sep 29 16:52:07.779440 2023] [wsgi:error] [pid 451291:tid 140450225153600] [remote 10.88.1.179:51037]   File "/django-project/venv/lib/python3.10/site-packages/MySQLdb/connections.py", line 255, in query
[Fri Sep 29 16:52:07.779442 2023] [wsgi:error] [pid 451291:tid 140450225153600] [remote 10.88.1.179:51037]     _mysql.connection.query(self, query)
[Fri Sep 29 16:52:07.779443 2023] [wsgi:error] [pid 451291:tid 140450225153600] [remote 10.88.1.179:51037] django.db.utils.OperationalError: (1054, "Unknown column 'site_contact_link.id' in 'field list'")
[Mon Oct 02 12:04:13.001653 2023] [wsgi:error] [pid 454171:tid 140450115999296] [remote 10.88.1.106:57797] Not Found: /docs/5.0/dist/css/bootstrap.min.css
[Mon Oct 02 12:04:13.104612 2023] [wsgi:error] [pid 454171:tid 140450233546304] [remote 10.88.1.106:57797] Not Found: /catalog/cover.css
[Mon Oct 02 12:04:13.107686 2023] [wsgi:error] [pid 454171:tid 140450115999296] [remote 10.88.1.106:57798] Not Found: /docs/5.0/dist/css/bootstrap.min.css
[Mon Oct 02 12:04:13.125886 2023] [wsgi:error] [pid 454171:tid 140450233546304] [remote 10.88.1.106:57798] Not Found: /catalog/cover.css
[Mon Oct 02 12:04:13.549007 2023] [wsgi:error] [pid 454171:tid 140450115999296] [remote 10.88.1.106:57798] Not Found: /docs/5.0/assets/img/favicons/favicon.ico
[Mon Oct 02 12:04:13.554049 2023] [wsgi:error] [pid 454171:tid 140450233546304] [remote 10.88.1.106:57798] Not Found: /docs/5.0/assets/img/favicons/favicon-32x32.png
[Mon Oct 02 12:04:13.559677 2023] [wsgi:error] [pid 454171:tid 140450115999296] [remote 10.88.1.106:57798] Not Found: /docs/5.0/assets/img/favicons/favicon-16x16.png
[Mon Oct 02 12:04:17.927936 2023] [wsgi:error] [pid 454171:tid 140450115999296] [remote 10.88.1.106:57798] Not Found: /docs/5.0/dist/css/bootstrap.min.css
[Mon Oct 02 12:04:17.931269 2023] [wsgi:error] [pid 454171:tid 140450233546304] [remote 10.88.1.106:57798] Not Found: /all_sites/cover.css
[Mon Oct 02 12:04:17.936322 2023] [wsgi:error] [pid 454171:tid 140450115999296] [remote 10.88.1.106:57798] Not Found: /docs/5.0/dist/css/bootstrap.min.css
[Mon Oct 02 12:04:17.941416 2023] [wsgi:error] [pid 454171:tid 140450233546304] [remote 10.88.1.106:57798] Not Found: /all_sites/cover.css
[Mon Oct 02 12:04:21.153368 2023] [wsgi:error] [pid 454171:tid 140450233546304] [remote 10.88.1.106:57798] Not Found: /docs/5.0/dist/css/bootstrap.min.css
[Mon Oct 02 12:04:21.156928 2023] [wsgi:error] [pid 454171:tid 140450115999296] [remote 10.88.1.106:57798] Not Found: /all_sites/site_display/42/cover.css
[Mon Oct 02 12:04:21.158181 2023] [wsgi:error] [pid 454171:tid 140450233546304] [remote 10.88.1.106:57797] Not Found: /docs/5.0/dist/css/bootstrap.min.css
[Mon Oct 02 12:04:21.164787 2023] [wsgi:error] [pid 454171:tid 140450115999296] [remote 10.88.1.106:57797] Not Found: /all_sites/site_display/42/cover.css
[Mon Oct 02 12:19:40.352060 2023] [wsgi:error] [pid 454171:tid 140450115999296] [remote 10.88.1.106:58487] Not Found: /docs/5.0/dist/css/bootstrap.min.css
[Mon Oct 02 12:20:38.431424 2023] [wsgi:error] [pid 454171:tid 140450233546304] [remote 10.88.1.106:58537] Not Found: /docs/5.0/dist/css/bootstrap.min.css
[Mon Oct 02 12:20:38.435633 2023] [wsgi:error] [pid 454171:tid 140450115999296] [remote 10.88.1.106:58537] Not Found: /all_sites/cover.css
[Mon Oct 02 12:20:38.437955 2023] [wsgi:error] [pid 454171:tid 140450233546304] [remote 10.88.1.106:58538] Not Found: /docs/5.0/dist/css/bootstrap.min.css
[Mon Oct 02 12:20:38.445714 2023] [wsgi:error] [pid 454171:tid 140450115999296] [remote 10.88.1.106:58538] Not Found: /all_sites/cover.css
[Mon Oct 02 12:20:43.784592 2023] [wsgi:error] [pid 454171:tid 140450115999296] [remote 10.88.1.106:58541] Not Found: /docs/5.0/dist/css/bootstrap.min.css
[Mon Oct 02 12:20:43.787626 2023] [wsgi:error] [pid 454171:tid 140450233546304] [remote 10.88.1.106:58541] Not Found: /all_sites/site_display/42/cover.css
[Mon Oct 02 12:20:43.788759 2023] [wsgi:error] [pid 454171:tid 140450115999296] [remote 10.88.1.106:58542] Not Found: /docs/5.0/dist/css/bootstrap.min.css
[Mon Oct 02 12:20:43.792826 2023] [wsgi:error] [pid 454171:tid 140450233546304] [remote 10.88.1.106:58542] Not Found: /all_sites/site_display/42/cover.css
[Mon Oct 02 12:26:16.469193 2023] [wsgi:error] [pid 454171:tid 140450233546304] [remote 10.88.1.106:58902] Not Found: /docs/5.0/dist/css/bootstrap.min.css
[Mon Oct 02 12:42:28.639812 2023] [wsgi:error] [pid 454171:tid 140450233546304] [remote 10.88.1.106:59808] Not Found: /docs/5.0/dist/css/bootstrap.min.css
[Mon Oct 02 12:42:28.655874 2023] [wsgi:error] [pid 454171:tid 140450115999296] [remote 10.88.1.106:59807] Not Found: /catalog/cover.css
[Mon Oct 02 12:42:28.660264 2023] [wsgi:error] [pid 454171:tid 140450233546304] [remote 10.88.1.106:59808] Not Found: /docs/5.0/dist/css/bootstrap.min.css
[Mon Oct 02 12:42:28.686131 2023] [wsgi:error] [pid 454171:tid 140450115999296] [remote 10.88.1.106:59808] Not Found: /catalog/cover.css
[Mon Oct 02 12:42:28.706716 2023] [wsgi:error] [pid 454171:tid 140450233546304] [remote 10.88.1.106:59808] Not Found: /docs/5.0/assets/img/favicons/favicon.ico
[Mon Oct 02 12:42:28.711746 2023] [wsgi:error] [pid 454171:tid 140450115999296] [remote 10.88.1.106:59808] Not Found: /docs/5.0/assets/img/favicons/favicon-32x32.png
[Mon Oct 02 12:42:28.715818 2023] [wsgi:error] [pid 454171:tid 140450233546304] [remote 10.88.1.106:59808] Not Found: /docs/5.0/assets/img/favicons/favicon-16x16.png
[Mon Oct 02 12:42:34.210786 2023] [wsgi:error] [pid 454171:tid 140450233546304] [remote 10.88.1.106:59814] Not Found: /docs/5.0/dist/css/bootstrap.min.css
[Mon Oct 02 12:42:34.215647 2023] [wsgi:error] [pid 454171:tid 140450115999296] [remote 10.88.1.106:59816] Not Found: /all_sites/cover.css
[Mon Oct 02 12:42:34.218539 2023] [wsgi:error] [pid 454171:tid 140450233546304] [remote 10.88.1.106:59816] Not Found: /docs/5.0/dist/css/bootstrap.min.css
[Mon Oct 02 12:42:34.222964 2023] [wsgi:error] [pid 454171:tid 140450115999296] [remote 10.88.1.106:59816] Not Found: /all_sites/cover.css
[Mon Oct 02 12:42:37.478721 2023] [wsgi:error] [pid 454171:tid 140450115999296] [remote 10.88.1.106:59816] Not Found: /docs/5.0/dist/css/bootstrap.min.css
[Mon Oct 02 12:42:37.479416 2023] [wsgi:error] [pid 454171:tid 140450233546304] [remote 10.88.1.106:59815] Not Found: /all_sites/site_display/42/cover.css
[Mon Oct 02 12:42:37.485032 2023] [wsgi:error] [pid 454171:tid 140450124400192] [remote 10.88.1.106:59815] Not Found: /docs/5.0/dist/css/bootstrap.min.css
[Mon Oct 02 12:42:37.489385 2023] [wsgi:error] [pid 454171:tid 140450233546304] [remote 10.88.1.106:59815] Not Found: /all_sites/site_display/42/cover.css
[Mon Oct 02 12:42:48.111211 2023] [wsgi:error] [pid 454171:tid 140450233546304] [remote 10.88.1.106:59826] Not Found: /docs/5.0/dist/css/bootstrap.min.css
[Mon Oct 02 12:43:45.859330 2023] [wsgi:error] [pid 454171:tid 140450233546304] [remote 10.88.1.106:59866] Not Found: /docs/5.0/dist/css/bootstrap.min.css
[Mon Oct 02 12:43:52.907603 2023] [wsgi:error] [pid 454171:tid 140450124400192] [remote 10.88.1.106:59873] Not Found: /docs/5.0/dist/css/bootstrap.min.css
[Mon Oct 02 12:43:52.909897 2023] [wsgi:error] [pid 454171:tid 140450233546304] [remote 10.88.1.106:59875] Not Found: /all_sites/cover.css
[Mon Oct 02 12:43:52.914968 2023] [wsgi:error] [pid 454171:tid 140450124400192] [remote 10.88.1.106:59875] Not Found: /docs/5.0/dist/css/bootstrap.min.css
[Mon Oct 02 12:43:52.919508 2023] [wsgi:error] [pid 454171:tid 140450233546304] [remote 10.88.1.106:59875] Not Found: /all_sites/cover.css
[Mon Oct 02 12:43:55.967343 2023] [wsgi:error] [pid 454171:tid 140450233546304] [remote 10.88.1.106:59875] Not Found: /docs/5.0/dist/css/bootstrap.min.css
[Mon Oct 02 12:43:55.968032 2023] [wsgi:error] [pid 454171:tid 140450124400192] [remote 10.88.1.106:59873] Not Found: /all_sites/site_display/42/cover.css
[Mon Oct 02 12:43:55.972938 2023] [wsgi:error] [pid 454171:tid 140450115999296] [remote 10.88.1.106:59873] Not Found: /docs/5.0/dist/css/bootstrap.min.css
[Mon Oct 02 12:43:55.977640 2023] [wsgi:error] [pid 454171:tid 140450124400192] [remote 10.88.1.106:59873] Not Found: /all_sites/site_display/42/cover.css
[Mon Oct 02 12:44:35.017884 2023] [wsgi:error] [pid 454171:tid 140450124400192] [remote 10.88.1.106:59912] Not Found: /docs/5.0/dist/css/bootstrap.min.css
[Mon Oct 02 12:44:40.667114 2023] [wsgi:error] [pid 454171:tid 140450115999296] [remote 10.88.1.106:59919] Internal Server Error: /all_sites/contacts_display/add/
[Mon Oct 02 12:44:40.667150 2023] [wsgi:error] [pid 454171:tid 140450115999296] [remote 10.88.1.106:59919] Traceback (most recent call last):
[Mon Oct 02 12:44:40.667154 2023] [wsgi:error] [pid 454171:tid 140450115999296] [remote 10.88.1.106:59919]   File "/django-project/venv/lib/python3.10/site-packages/django/core/handlers/exception.py", line 55, in inner
[Mon Oct 02 12:44:40.667156 2023] [wsgi:error] [pid 454171:tid 140450115999296] [remote 10.88.1.106:59919]     response = get_response(request)
[Mon Oct 02 12:44:40.667158 2023] [wsgi:error] [pid 454171:tid 140450115999296] [remote 10.88.1.106:59919]   File "/django-project/venv/lib/python3.10/site-packages/django/core/handlers/base.py", line 204, in _get_response
[Mon Oct 02 12:44:40.667160 2023] [wsgi:error] [pid 454171:tid 140450115999296] [remote 10.88.1.106:59919]     self.check_response(response, callback)
[Mon Oct 02 12:44:40.667162 2023] [wsgi:error] [pid 454171:tid 140450115999296] [remote 10.88.1.106:59919]   File "/django-project/venv/lib/python3.10/site-packages/django/core/handlers/base.py", line 332, in check_response
[Mon Oct 02 12:44:40.667164 2023] [wsgi:error] [pid 454171:tid 140450115999296] [remote 10.88.1.106:59919]     raise ValueError(
[Mon Oct 02 12:44:40.667166 2023] [wsgi:error] [pid 454171:tid 140450115999296] [remote 10.88.1.106:59919] ValueError: The view catalog.views.add_post_contacts didn't return an HttpResponse object. It returned None instead.
[Mon Oct 02 12:44:40.694545 2023] [wsgi:error] [pid 454171:tid 140450124400192] [remote 10.88.1.106:59920] Not Found: /favicon.ico
[Mon Oct 02 12:44:49.910890 2023] [wsgi:error] [pid 454171:tid 140450124400192] [remote 10.88.1.106:59923] Not Found: /docs/5.0/dist/css/bootstrap.min.css
[Mon Oct 02 12:44:52.852615 2023] [wsgi:error] [pid 454171:tid 140450115999296] [remote 10.88.1.106:59923] Internal Server Error: /all_sites/contacts_display/add/
[Mon Oct 02 12:44:52.852651 2023] [wsgi:error] [pid 454171:tid 140450115999296] [remote 10.88.1.106:59923] Traceback (most recent call last):
[Mon Oct 02 12:44:52.852654 2023] [wsgi:error] [pid 454171:tid 140450115999296] [remote 10.88.1.106:59923]   File "/django-project/venv/lib/python3.10/site-packages/django/core/handlers/exception.py", line 55, in inner
[Mon Oct 02 12:44:52.852657 2023] [wsgi:error] [pid 454171:tid 140450115999296] [remote 10.88.1.106:59923]     response = get_response(request)
[Mon Oct 02 12:44:52.852658 2023] [wsgi:error] [pid 454171:tid 140450115999296] [remote 10.88.1.106:59923]   File "/django-project/venv/lib/python3.10/site-packages/django/core/handlers/base.py", line 204, in _get_response
[Mon Oct 02 12:44:52.852661 2023] [wsgi:error] [pid 454171:tid 140450115999296] [remote 10.88.1.106:59923]     self.check_response(response, callback)
[Mon Oct 02 12:44:52.852663 2023] [wsgi:error] [pid 454171:tid 140450115999296] [remote 10.88.1.106:59923]   File "/django-project/venv/lib/python3.10/site-packages/django/core/handlers/base.py", line 332, in check_response
[Mon Oct 02 12:44:52.852665 2023] [wsgi:error] [pid 454171:tid 140450115999296] [remote 10.88.1.106:59923]     raise ValueError(
[Mon Oct 02 12:44:52.852667 2023] [wsgi:error] [pid 454171:tid 140450115999296] [remote 10.88.1.106:59923] ValueError: The view catalog.views.add_post_contacts didn't return an HttpResponse object. It returned None instead.
[Mon Oct 02 12:45:40.506892 2023] [wsgi:error] [pid 454171:tid 140450115999296] [remote 10.88.1.106:59958] Not Found: /docs/5.0/dist/css/bootstrap.min.css
[Mon Oct 02 12:47:17.589848 2023] [wsgi:error] [pid 454171:tid 140450115999296] [remote 10.88.1.106:60030] Not Found: /docs/5.0/dist/css/bootstrap.min.css
[Mon Oct 02 12:47:17.591121 2023] [wsgi:error] [pid 454171:tid 140450124400192] [remote 10.88.1.106:60031] Not Found: /all_sites/site_display/11/cover.css
[Mon Oct 02 12:47:17.596327 2023] [wsgi:error] [pid 454171:tid 140450115999296] [remote 10.88.1.106:60031] Not Found: /docs/5.0/dist/css/bootstrap.min.css
[Mon Oct 02 12:47:17.602478 2023] [wsgi:error] [pid 454171:tid 140450124400192] [remote 10.88.1.106:60031] Not Found: /all_sites/site_display/11/cover.css
[Mon Oct 02 12:47:20.443797 2023] [wsgi:error] [pid 454171:tid 140450124400192] [remote 10.88.1.106:60031] Not Found: /docs/5.0/dist/css/bootstrap.min.css
[Mon Oct 02 12:47:20.445602 2023] [wsgi:error] [pid 454171:tid 140450115999296] [remote 10.88.1.106:60030] Not Found: /all_sites/site_display/11/cover.css
[Mon Oct 02 12:47:20.449666 2023] [wsgi:error] [pid 454171:tid 140450124400192] [remote 10.88.1.106:60030] Not Found: /docs/5.0/dist/css/bootstrap.min.css
[Mon Oct 02 12:47:20.454192 2023] [wsgi:error] [pid 454171:tid 140450115999296] [remote 10.88.1.106:60030] Not Found: /all_sites/site_display/11/cover.css
[Mon Oct 02 12:47:22.842493 2023] [wsgi:error] [pid 454171:tid 140450115999296] [remote 10.88.1.106:60030] Not Found: /docs/5.0/dist/css/bootstrap.min.css
[Mon Oct 02 12:47:22.843844 2023] [wsgi:error] [pid 454171:tid 140450124400192] [remote 10.88.1.106:60032] Not Found: /all_sites/site_display/9/cover.css
[Mon Oct 02 12:47:22.848510 2023] [wsgi:error] [pid 454171:tid 140450115999296] [remote 10.88.1.106:60032] Not Found: /docs/5.0/dist/css/bootstrap.min.css
[Mon Oct 02 12:47:22.855268 2023] [wsgi:error] [pid 454171:tid 140450124400192] [remote 10.88.1.106:60032] Not Found: /all_sites/site_display/9/cover.css
[Mon Oct 02 12:47:26.758375 2023] [wsgi:error] [pid 454171:tid 140450124400192] [remote 10.88.1.106:60032] Not Found: /docs/5.0/dist/css/bootstrap.min.css
[Mon Oct 02 12:47:26.759902 2023] [wsgi:error] [pid 454171:tid 140450115999296] [remote 10.88.1.106:60031] Not Found: /all_sites/site_display/9/cover.css
[Mon Oct 02 12:47:26.763813 2023] [wsgi:error] [pid 454171:tid 140450124400192] [remote 10.88.1.106:60031] Not Found: /docs/5.0/dist/css/bootstrap.min.css
[Mon Oct 02 12:47:26.772286 2023] [wsgi:error] [pid 454171:tid 140450115999296] [remote 10.88.1.106:60031] Not Found: /all_sites/site_display/9/cover.css
[Mon Oct 02 12:47:52.599294 2023] [wsgi:error] [pid 454171:tid 140450115999296] [remote 10.88.1.106:60052] Not Found: /docs/5.0/dist/css/bootstrap.min.css
[Mon Oct 02 12:48:02.197686 2023] [wsgi:error] [pid 454171:tid 140450124400192] [remote 10.88.1.106:60066] Not Found: /docs/5.0/dist/css/bootstrap.min.css
[Mon Oct 02 12:48:02.200377 2023] [wsgi:error] [pid 454171:tid 140450115999296] [remote 10.88.1.106:60069] Not Found: /all_sites/cover.css
[Mon Oct 02 12:48:02.204403 2023] [wsgi:error] [pid 454171:tid 140450124400192] [remote 10.88.1.106:60069] Not Found: /docs/5.0/dist/css/bootstrap.min.css
[Mon Oct 02 12:48:02.209792 2023] [wsgi:error] [pid 454171:tid 140450115999296] [remote 10.88.1.106:60069] Not Found: /all_sites/cover.css
[Mon Oct 02 12:48:05.422943 2023] [wsgi:error] [pid 454171:tid 140450115999296] [remote 10.88.1.106:60069] Not Found: /docs/5.0/dist/css/bootstrap.min.css
[Mon Oct 02 12:48:05.423906 2023] [wsgi:error] [pid 454171:tid 140450124400192] [remote 10.88.1.106:60067] Not Found: /all_sites/site_display/2/cover.css
[Mon Oct 02 12:48:05.429391 2023] [wsgi:error] [pid 454171:tid 140450233546304] [remote 10.88.1.106:60067] Not Found: /docs/5.0/dist/css/bootstrap.min.css
[Mon Oct 02 12:48:05.434484 2023] [wsgi:error] [pid 454171:tid 140450124400192] [remote 10.88.1.106:60067] Not Found: /all_sites/site_display/2/cover.css
[Mon Oct 02 12:48:08.488646 2023] [wsgi:error] [pid 454171:tid 140450124400192] [remote 10.88.1.106:60067] Not Found: /docs/5.0/dist/css/bootstrap.min.css
[Mon Oct 02 12:48:08.490231 2023] [wsgi:error] [pid 454171:tid 140450233546304] [remote 10.88.1.106:60069] Not Found: /all_sites/site_display/9/cover.css
[Mon Oct 02 12:48:08.496813 2023] [wsgi:error] [pid 454171:tid 140450124400192] [remote 10.88.1.106:60069] Not Found: /docs/5.0/dist/css/bootstrap.min.css
[Mon Oct 02 12:48:08.501911 2023] [wsgi:error] [pid 454171:tid 140450233546304] [remote 10.88.1.106:60069] Not Found: /all_sites/site_display/9/cover.css
[Mon Oct 02 15:28:36.966067 2023] [wsgi:error] [pid 459222:tid 140205479355968] [remote 10.88.1.179:50427] Not Found: /docs/5.0/dist/css/bootstrap.min.css
[Mon Oct 02 15:28:37.039810 2023] [wsgi:error] [pid 459222:tid 140205546497600] [remote 10.88.1.179:50428] Not Found: /catalog/cover.css
[Mon Oct 02 15:28:37.057618 2023] [wsgi:error] [pid 459222:tid 140205479355968] [remote 10.88.1.179:50428] Not Found: /docs/5.0/dist/css/bootstrap.min.css
[Mon Oct 02 15:28:37.074944 2023] [wsgi:error] [pid 459222:tid 140205546497600] [remote 10.88.1.179:50428] Not Found: /catalog/cover.css
[Mon Oct 02 15:28:37.198181 2023] [wsgi:error] [pid 459222:tid 140205479355968] [remote 10.88.1.179:50428] Not Found: /docs/5.0/assets/img/favicons/favicon.ico
[Mon Oct 02 15:28:37.203498 2023] [wsgi:error] [pid 459222:tid 140205546497600] [remote 10.88.1.179:50428] Not Found: /docs/5.0/assets/img/favicons/favicon-32x32.png
[Mon Oct 02 15:28:37.208131 2023] [wsgi:error] [pid 459222:tid 140205479355968] [remote 10.88.1.179:50428] Not Found: /docs/5.0/assets/img/favicons/favicon-16x16.png
[Mon Oct 02 15:28:47.348864 2023] [wsgi:error] [pid 459222:tid 140205546497600] [remote 10.88.1.179:50437] Not Found: /amin
[Mon Oct 02 15:28:47.439446 2023] [wsgi:error] [pid 459222:tid 140205479355968] [remote 10.88.1.179:50437] Not Found: /favicon.ico
[Thu Oct 05 08:54:55.640653 2023] [wsgi:error] [pid 464218:tid 140205546497600] [remote 10.88.1.8:61736] Not Found: /docs/5.0/dist/css/bootstrap.min.css
[Thu Oct 05 08:54:55.834854 2023] [wsgi:error] [pid 464218:tid 140205470955072] [remote 10.88.1.8:61736] Not Found: /catalog/cover.css
[Thu Oct 05 08:54:55.901340 2023] [wsgi:error] [pid 464218:tid 140205546497600] [remote 10.88.1.8:61737] Not Found: /docs/5.0/dist/css/bootstrap.min.css
[Thu Oct 05 08:54:56.081844 2023] [wsgi:error] [pid 464218:tid 140205470955072] [remote 10.88.1.8:61737] Not Found: /catalog/cover.css
[Thu Oct 05 08:54:56.176752 2023] [wsgi:error] [pid 464218:tid 140205546497600] [remote 10.88.1.8:61737] Not Found: /docs/5.0/assets/img/favicons/favicon.ico
[Thu Oct 05 08:54:56.247636 2023] [wsgi:error] [pid 464218:tid 140205470955072] [remote 10.88.1.8:61737] Not Found: /docs/5.0/assets/img/favicons/favicon-32x32.png
[Thu Oct 05 08:54:56.319899 2023] [wsgi:error] [pid 464218:tid 140205546497600] [remote 10.88.1.8:61737] Not Found: /docs/5.0/assets/img/favicons/favicon-16x16.png
[Thu Oct 05 08:54:57.879422 2023] [wsgi:error] [pid 464218:tid 140205546497600] [remote 10.88.1.8:61736] Not Found: /docs/5.0/dist/css/bootstrap.min.css
[Thu Oct 05 08:54:57.987965 2023] [wsgi:error] [pid 464218:tid 140205470955072] [remote 10.88.1.8:61738] Not Found: /catalog/cover.css
[Thu Oct 05 08:54:58.246361 2023] [wsgi:error] [pid 464218:tid 140205546497600] [remote 10.88.1.8:61738] Not Found: /docs/5.0/dist/css/bootstrap.min.css
[Thu Oct 05 08:54:58.340805 2023] [wsgi:error] [pid 464218:tid 140205470955072] [remote 10.88.1.8:61738] Not Found: /catalog/cover.css
[Thu Oct 05 08:55:00.508412 2023] [wsgi:error] [pid 464218:tid 140205470955072] [remote 10.88.1.8:61737] Not Found: /docs/5.0/dist/css/bootstrap.min.css
[Thu Oct 05 08:55:00.661683 2023] [wsgi:error] [pid 464218:tid 140205546497600] [remote 10.88.1.8:61736] Not Found: /catalog/cover.css
[Thu Oct 05 08:55:00.794817 2023] [wsgi:error] [pid 464218:tid 140205470955072] [remote 10.88.1.8:61738] Not Found: /docs/5.0/dist/css/bootstrap.min.css
[Thu Oct 05 08:55:00.971885 2023] [wsgi:error] [pid 464218:tid 140205546497600] [remote 10.88.1.8:61738] Not Found: /catalog/cover.css
[Thu Oct 05 08:55:02.802954 2023] [wsgi:error] [pid 464218:tid 140205546497600] [remote 10.88.1.8:61736] Not Found: /docs/5.0/dist/css/bootstrap.min.css
[Thu Oct 05 08:55:02.901611 2023] [wsgi:error] [pid 464218:tid 140205470955072] [remote 10.88.1.8:61737] Not Found: /all_sites/cover.css
[Thu Oct 05 08:55:03.032081 2023] [wsgi:error] [pid 464218:tid 140205546497600] [remote 10.88.1.8:61738] Not Found: /docs/5.0/dist/css/bootstrap.min.css
[Thu Oct 05 08:55:03.220043 2023] [wsgi:error] [pid 464218:tid 140205470955072] [remote 10.88.1.8:61738] Not Found: /all_sites/cover.css
[Thu Oct 05 08:55:05.225211 2023] [wsgi:error] [pid 464218:tid 140205470955072] [remote 10.88.1.8:61737] Not Found: /docs/5.0/dist/css/bootstrap.min.css
[Thu Oct 05 08:55:05.329382 2023] [wsgi:error] [pid 464218:tid 140205546497600] [remote 10.88.1.8:61738] Not Found: /all_sites/site_display/1/cover.css
[Thu Oct 05 08:55:05.465953 2023] [wsgi:error] [pid 464218:tid 140205470955072] [remote 10.88.1.8:61736] Not Found: /docs/5.0/dist/css/bootstrap.min.css
[Thu Oct 05 08:55:05.659524 2023] [wsgi:error] [pid 464218:tid 140205546497600] [remote 10.88.1.8:61736] Not Found: /all_sites/site_display/1/cover.css
[Thu Oct 05 08:55:11.661761 2023] [wsgi:error] [pid 464218:tid 140205546497600] [remote 10.88.1.8:61744] Not Found: /docs/5.0/dist/css/bootstrap.min.css
[Thu Oct 05 08:55:11.806144 2023] [wsgi:error] [pid 464218:tid 140205470955072] [remote 10.88.1.8:61744] Not Found: /all_sites/cover.css
[Thu Oct 05 08:55:11.937120 2023] [wsgi:error] [pid 464218:tid 140205546497600] [remote 10.88.1.8:61743] Not Found: /docs/5.0/dist/css/bootstrap.min.css
[Thu Oct 05 08:55:12.115949 2023] [wsgi:error] [pid 464218:tid 140205470955072] [remote 10.88.1.8:61743] Not Found: /all_sites/cover.css
[Thu Oct 05 08:55:17.462801 2023] [wsgi:error] [pid 464218:tid 140205470955072] [remote 10.88.1.8:61745] Not Found: /docs/5.0/dist/css/bootstrap.min.css
[Thu Oct 05 08:55:17.530833 2023] [wsgi:error] [pid 464218:tid 140205546497600] [remote 10.88.1.8:61746] Not Found: /all_sites/site_display/32/cover.css
[Thu Oct 05 08:55:17.848321 2023] [wsgi:error] [pid 464218:tid 140205470955072] [remote 10.88.1.8:61747] Not Found: /docs/5.0/dist/css/bootstrap.min.css
[Thu Oct 05 08:55:17.920807 2023] [wsgi:error] [pid 464218:tid 140205546497600] [remote 10.88.1.8:61747] Not Found: /all_sites/site_display/32/cover.css
[Thu Oct 05 08:55:35.473270 2023] [wsgi:error] [pid 464218:tid 140205470955072] [remote 10.88.1.8:61748] Not Found: /favicon.ico
[Fri Oct 06 16:38:30.688618 2023] [wsgi:error] [pid 492331:tid 139838100780608] [remote 10.88.1.179:56338] Not Found: /favicon.ico
[Fri Oct 06 16:38:38.773323 2023] [wsgi:error] [pid 492331:tid 139838218286656] [remote 10.88.1.179:56343] Internal Server Error: /admin/catalog/battery_contact_link/
[Fri Oct 06 16:38:38.773365 2023] [wsgi:error] [pid 492331:tid 139838218286656] [remote 10.88.1.179:56343] Traceback (most recent call last):
[Fri Oct 06 16:38:38.773368 2023] [wsgi:error] [pid 492331:tid 139838218286656] [remote 10.88.1.179:56343]   File "/django-project/venv/lib/python3.10/site-packages/django/db/backends/utils.py", line 89, in _execute
[Fri Oct 06 16:38:38.773371 2023] [wsgi:error] [pid 492331:tid 139838218286656] [remote 10.88.1.179:56343]     return self.cursor.execute(sql, params)
[Fri Oct 06 16:38:38.773373 2023] [wsgi:error] [pid 492331:tid 139838218286656] [remote 10.88.1.179:56343]   File "/django-project/venv/lib/python3.10/site-packages/django/db/backends/mysql/base.py", line 75, in execute
[Fri Oct 06 16:38:38.773375 2023] [wsgi:error] [pid 492331:tid 139838218286656] [remote 10.88.1.179:56343]     return self.cursor.execute(query, args)
[Fri Oct 06 16:38:38.773377 2023] [wsgi:error] [pid 492331:tid 139838218286656] [remote 10.88.1.179:56343]   File "/django-project/venv/lib/python3.10/site-packages/MySQLdb/cursors.py", line 179, in execute
[Fri Oct 06 16:38:38.773379 2023] [wsgi:error] [pid 492331:tid 139838218286656] [remote 10.88.1.179:56343]     res = self._query(mogrified_query)
[Fri Oct 06 16:38:38.773381 2023] [wsgi:error] [pid 492331:tid 139838218286656] [remote 10.88.1.179:56343]   File "/django-project/venv/lib/python3.10/site-packages/MySQLdb/cursors.py", line 330, in _query
[Fri Oct 06 16:38:38.773391 2023] [wsgi:error] [pid 492331:tid 139838218286656] [remote 10.88.1.179:56343]     db.query(q)
[Fri Oct 06 16:38:38.773393 2023] [wsgi:error] [pid 492331:tid 139838218286656] [remote 10.88.1.179:56343]   File "/django-project/venv/lib/python3.10/site-packages/MySQLdb/connections.py", line 255, in query
[Fri Oct 06 16:38:38.773395 2023] [wsgi:error] [pid 492331:tid 139838218286656] [remote 10.88.1.179:56343]     _mysql.connection.query(self, query)
[Fri Oct 06 16:38:38.773396 2023] [wsgi:error] [pid 492331:tid 139838218286656] [remote 10.88.1.179:56343] MySQLdb.OperationalError: (1054, "Unknown column 'battery_contact_link.id' in 'field list'")
[Fri Oct 06 16:38:38.773398 2023] [wsgi:error] [pid 492331:tid 139838218286656] [remote 10.88.1.179:56343] 
[Fri Oct 06 16:38:38.773400 2023] [wsgi:error] [pid 492331:tid 139838218286656] [remote 10.88.1.179:56343] The above exception was the direct cause of the following exception:
[Fri Oct 06 16:38:38.773401 2023] [wsgi:error] [pid 492331:tid 139838218286656] [remote 10.88.1.179:56343] 
[Fri Oct 06 16:38:38.773403 2023] [wsgi:error] [pid 492331:tid 139838218286656] [remote 10.88.1.179:56343] Traceback (most recent call last):
[Fri Oct 06 16:38:38.773405 2023] [wsgi:error] [pid 492331:tid 139838218286656] [remote 10.88.1.179:56343]   File "/django-project/venv/lib/python3.10/site-packages/django/core/handlers/exception.py", line 55, in inner
[Fri Oct 06 16:38:38.773407 2023] [wsgi:error] [pid 492331:tid 139838218286656] [remote 10.88.1.179:56343]     response = get_response(request)
[Fri Oct 06 16:38:38.773408 2023] [wsgi:error] [pid 492331:tid 139838218286656] [remote 10.88.1.179:56343]   File "/django-project/venv/lib/python3.10/site-packages/django/core/handlers/base.py", line 197, in _get_response
[Fri Oct 06 16:38:38.773410 2023] [wsgi:error] [pid 492331:tid 139838218286656] [remote 10.88.1.179:56343]     response = wrapped_callback(request, *callback_args, **callback_kwargs)
[Fri Oct 06 16:38:38.773412 2023] [wsgi:error] [pid 492331:tid 139838218286656] [remote 10.88.1.179:56343]   File "/django-project/venv/lib/python3.10/site-packages/django/contrib/admin/options.py", line 688, in wrapper
[Fri Oct 06 16:38:38.773414 2023] [wsgi:error] [pid 492331:tid 139838218286656] [remote 10.88.1.179:56343]     return self.admin_site.admin_view(view)(*args, **kwargs)
[Fri Oct 06 16:38:38.773416 2023] [wsgi:error] [pid 492331:tid 139838218286656] [remote 10.88.1.179:56343]   File "/django-project/venv/lib/python3.10/site-packages/django/utils/decorators.py", line 134, in _wrapper_view
[Fri Oct 06 16:38:38.773418 2023] [wsgi:error] [pid 492331:tid 139838218286656] [remote 10.88.1.179:56343]     response = view_func(request, *args, **kwargs)
[Fri Oct 06 16:38:38.773420 2023] [wsgi:error] [pid 492331:tid 139838218286656] [remote 10.88.1.179:56343]   File "/django-project/venv/lib/python3.10/site-packages/django/views/decorators/cache.py", line 62, in _wrapper_view_func
[Fri Oct 06 16:38:38.773422 2023] [wsgi:error] [pid 492331:tid 139838218286656] [remote 10.88.1.179:56343]     response = view_func(request, *args, **kwargs)
[Fri Oct 06 16:38:38.773423 2023] [wsgi:error] [pid 492331:tid 139838218286656] [remote 10.88.1.179:56343]   File "/django-project/venv/lib/python3.10/site-packages/django/contrib/admin/sites.py", line 242, in inner
[Fri Oct 06 16:38:38.773425 2023] [wsgi:error] [pid 492331:tid 139838218286656] [remote 10.88.1.179:56343]     return view(request, *args, **kwargs)
[Fri Oct 06 16:38:38.773427 2023] [wsgi:error] [pid 492331:tid 139838218286656] [remote 10.88.1.179:56343]   File "/django-project/venv/lib/python3.10/site-packages/django/utils/decorators.py", line 46, in _wrapper
[Fri Oct 06 16:38:38.773428 2023] [wsgi:error] [pid 492331:tid 139838218286656] [remote 10.88.1.179:56343]     return bound_method(*args, **kwargs)
[Fri Oct 06 16:38:38.773430 2023] [wsgi:error] [pid 492331:tid 139838218286656] [remote 10.88.1.179:56343]   File "/django-project/venv/lib/python3.10/site-packages/django/utils/decorators.py", line 134, in _wrapper_view
[Fri Oct 06 16:38:38.773435 2023] [wsgi:error] [pid 492331:tid 139838218286656] [remote 10.88.1.179:56343]     response = view_func(request, *args, **kwargs)
[Fri Oct 06 16:38:38.773437 2023] [wsgi:error] [pid 492331:tid 139838218286656] [remote 10.88.1.179:56343]   File "/django-project/venv/lib/python3.10/site-packages/django/contrib/admin/options.py", line 2065, in changelist_view
[Fri Oct 06 16:38:38.773439 2023] [wsgi:error] [pid 492331:tid 139838218286656] [remote 10.88.1.179:56343]     "selection_note": _("0 of %(cnt)s selected") % {"cnt": len(cl.result_list)},
[Fri Oct 06 16:38:38.773441 2023] [wsgi:error] [pid 492331:tid 139838218286656] [remote 10.88.1.179:56343]   File "/django-project/venv/lib/python3.10/site-packages/django/db/models/query.py", line 380, in __len__
[Fri Oct 06 16:38:38.773443 2023] [wsgi:error] [pid 492331:tid 139838218286656] [remote 10.88.1.179:56343]     self._fetch_all()
[Fri Oct 06 16:38:38.773444 2023] [wsgi:error] [pid 492331:tid 139838218286656] [remote 10.88.1.179:56343]   File "/django-project/venv/lib/python3.10/site-packages/django/db/models/query.py", line 1881, in _fetch_all
[Fri Oct 06 16:38:38.773446 2023] [wsgi:error] [pid 492331:tid 139838218286656] [remote 10.88.1.179:56343]     self._result_cache = list(self._iterable_class(self))
[Fri Oct 06 16:38:38.773448 2023] [wsgi:error] [pid 492331:tid 139838218286656] [remote 10.88.1.179:56343]   File "/django-project/venv/lib/python3.10/site-packages/django/db/models/query.py", line 91, in __iter__
[Fri Oct 06 16:38:38.773450 2023] [wsgi:error] [pid 492331:tid 139838218286656] [remote 10.88.1.179:56343]     results = compiler.execute_sql(
[Fri Oct 06 16:38:38.773452 2023] [wsgi:error] [pid 492331:tid 139838218286656] [remote 10.88.1.179:56343]   File "/django-project/venv/lib/python3.10/site-packages/django/db/models/sql/compiler.py", line 1562, in execute_sql
[Fri Oct 06 16:38:38.773454 2023] [wsgi:error] [pid 492331:tid 139838218286656] [remote 10.88.1.179:56343]     cursor.execute(sql, params)
[Fri Oct 06 16:38:38.773456 2023] [wsgi:error] [pid 492331:tid 139838218286656] [remote 10.88.1.179:56343]   File "/django-project/venv/lib/python3.10/site-packages/django/db/backends/utils.py", line 67, in execute
[Fri Oct 06 16:38:38.773458 2023] [wsgi:error] [pid 492331:tid 139838218286656] [remote 10.88.1.179:56343]     return self._execute_with_wrappers(
[Fri Oct 06 16:38:38.773459 2023] [wsgi:error] [pid 492331:tid 139838218286656] [remote 10.88.1.179:56343]   File "/django-project/venv/lib/python3.10/site-packages/django/db/backends/utils.py", line 80, in _execute_with_wrappers
[Fri Oct 06 16:38:38.773461 2023] [wsgi:error] [pid 492331:tid 139838218286656] [remote 10.88.1.179:56343]     return executor(sql, params, many, context)
[Fri Oct 06 16:38:38.773463 2023] [wsgi:error] [pid 492331:tid 139838218286656] [remote 10.88.1.179:56343]   File "/django-project/venv/lib/python3.10/site-packages/django/db/backends/utils.py", line 84, in _execute
[Fri Oct 06 16:38:38.773465 2023] [wsgi:error] [pid 492331:tid 139838218286656] [remote 10.88.1.179:56343]     with self.db.wrap_database_errors:
[Fri Oct 06 16:38:38.773466 2023] [wsgi:error] [pid 492331:tid 139838218286656] [remote 10.88.1.179:56343]   File "/django-project/venv/lib/python3.10/site-packages/django/db/utils.py", line 91, in __exit__
[Fri Oct 06 16:38:38.773468 2023] [wsgi:error] [pid 492331:tid 139838218286656] [remote 10.88.1.179:56343]     raise dj_exc_value.with_traceback(traceback) from exc_value
[Fri Oct 06 16:38:38.773470 2023] [wsgi:error] [pid 492331:tid 139838218286656] [remote 10.88.1.179:56343]   File "/django-project/venv/lib/python3.10/site-packages/django/db/backends/utils.py", line 89, in _execute
[Fri Oct 06 16:38:38.773472 2023] [wsgi:error] [pid 492331:tid 139838218286656] [remote 10.88.1.179:56343]     return self.cursor.execute(sql, params)
[Fri Oct 06 16:38:38.773473 2023] [wsgi:error] [pid 492331:tid 139838218286656] [remote 10.88.1.179:56343]   File "/django-project/venv/lib/python3.10/site-packages/django/db/backends/mysql/base.py", line 75, in execute
[Fri Oct 06 16:38:38.773478 2023] [wsgi:error] [pid 492331:tid 139838218286656] [remote 10.88.1.179:56343]     return self.cursor.execute(query, args)
[Fri Oct 06 16:38:38.773480 2023] [wsgi:error] [pid 492331:tid 139838218286656] [remote 10.88.1.179:56343]   File "/django-project/venv/lib/python3.10/site-packages/MySQLdb/cursors.py", line 179, in execute
[Fri Oct 06 16:38:38.773481 2023] [wsgi:error] [pid 492331:tid 139838218286656] [remote 10.88.1.179:56343]     res = self._query(mogrified_query)
[Fri Oct 06 16:38:38.773483 2023] [wsgi:error] [pid 492331:tid 139838218286656] [remote 10.88.1.179:56343]   File "/django-project/venv/lib/python3.10/site-packages/MySQLdb/cursors.py", line 330, in _query
[Fri Oct 06 16:38:38.773485 2023] [wsgi:error] [pid 492331:tid 139838218286656] [remote 10.88.1.179:56343]     db.query(q)
[Fri Oct 06 16:38:38.773487 2023] [wsgi:error] [pid 492331:tid 139838218286656] [remote 10.88.1.179:56343]   File "/django-project/venv/lib/python3.10/site-packages/MySQLdb/connections.py", line 255, in query
[Fri Oct 06 16:38:38.773488 2023] [wsgi:error] [pid 492331:tid 139838218286656] [remote 10.88.1.179:56343]     _mysql.connection.query(self, query)
[Fri Oct 06 16:38:38.773490 2023] [wsgi:error] [pid 492331:tid 139838218286656] [remote 10.88.1.179:56343] django.db.utils.OperationalError: (1054, "Unknown column 'battery_contact_link.id' in 'field list'")
[Mon Oct 09 11:46:26.362868 2023] [wsgi:error] [pid 495625:tid 140456143103552] [remote 10.88.1.179:56764] Not Found: /favicon.ico
[Mon Oct 09 14:31:23.300177 2023] [wsgi:error] [pid 495625:tid 140456134710848] [remote 10.88.1.179:59289] Not Found: /docs/5.0/dist/css/bootstrap.min.css
[Mon Oct 09 14:31:23.323614 2023] [wsgi:error] [pid 495625:tid 140456143103552] [remote 10.88.1.179:59290] Not Found: /catalog/cover.css
[Mon Oct 09 14:31:23.337896 2023] [wsgi:error] [pid 495625:tid 140456134710848] [remote 10.88.1.179:59290] Not Found: /docs/5.0/dist/css/bootstrap.min.css
[Mon Oct 09 14:31:23.345999 2023] [wsgi:error] [pid 495625:tid 140456143103552] [remote 10.88.1.179:59290] Not Found: /catalog/cover.css
[Mon Oct 09 14:31:23.444636 2023] [wsgi:error] [pid 495625:tid 140456134710848] [remote 10.88.1.179:59290] Not Found: /docs/5.0/assets/img/favicons/favicon.ico
[Mon Oct 09 14:31:23.451569 2023] [wsgi:error] [pid 495625:tid 140456143103552] [remote 10.88.1.179:59290] Not Found: /docs/5.0/assets/img/favicons/favicon-32x32.png
[Mon Oct 09 14:31:23.457823 2023] [wsgi:error] [pid 495625:tid 140456134710848] [remote 10.88.1.179:59290] Not Found: /docs/5.0/assets/img/favicons/favicon-16x16.png
[Mon Oct 09 14:31:25.793371 2023] [wsgi:error] [pid 495625:tid 140456134710848] [remote 10.88.1.179:59290] Not Found: /docs/5.0/dist/css/bootstrap.min.css
[Mon Oct 09 14:31:25.800147 2023] [wsgi:error] [pid 495625:tid 140456143103552] [remote 10.88.1.179:59290] Not Found: /all_sites/cover.css
[Mon Oct 09 14:31:25.821283 2023] [wsgi:error] [pid 495625:tid 140456134710848] [remote 10.88.1.179:59290] Not Found: /docs/5.0/dist/css/bootstrap.min.css
[Mon Oct 09 14:31:25.829423 2023] [wsgi:error] [pid 495625:tid 140456143103552] [remote 10.88.1.179:59290] Not Found: /all_sites/cover.css
[Mon Oct 09 14:31:27.051777 2023] [wsgi:error] [pid 495625:tid 140456134710848] [remote 10.88.1.179:59290] Internal Server Error: /all_sites/site_display/1/
[Mon Oct 09 14:31:27.051810 2023] [wsgi:error] [pid 495625:tid 140456134710848] [remote 10.88.1.179:59290] Traceback (most recent call last):
[Mon Oct 09 14:31:27.051814 2023] [wsgi:error] [pid 495625:tid 140456134710848] [remote 10.88.1.179:59290]   File "/django-project/venv/lib/python3.10/site-packages/django/core/handlers/exception.py", line 55, in inner
[Mon Oct 09 14:31:27.051816 2023] [wsgi:error] [pid 495625:tid 140456134710848] [remote 10.88.1.179:59290]     response = get_response(request)
[Mon Oct 09 14:31:27.051818 2023] [wsgi:error] [pid 495625:tid 140456134710848] [remote 10.88.1.179:59290]   File "/django-project/venv/lib/python3.10/site-packages/django/core/handlers/base.py", line 197, in _get_response
[Mon Oct 09 14:31:27.051828 2023] [wsgi:error] [pid 495625:tid 140456134710848] [remote 10.88.1.179:59290]     response = wrapped_callback(request, *callback_args, **callback_kwargs)
[Mon Oct 09 14:31:27.051830 2023] [wsgi:error] [pid 495625:tid 140456134710848] [remote 10.88.1.179:59290]   File "/django-project/src/catalog/views.py", line 491, in show_sites
[Mon Oct 09 14:31:27.051832 2023] [wsgi:error] [pid 495625:tid 140456134710848] [remote 10.88.1.179:59290]     return render(request, 'site_display.html', context=context)
[Mon Oct 09 14:31:27.051834 2023] [wsgi:error] [pid 495625:tid 140456134710848] [remote 10.88.1.179:59290]   File "/django-project/venv/lib/python3.10/site-packages/django/shortcuts.py", line 24, in render
[Mon Oct 09 14:31:27.051836 2023] [wsgi:error] [pid 495625:tid 140456134710848] [remote 10.88.1.179:59290]     content = loader.render_to_string(template_name, context, request, using=using)
[Mon Oct 09 14:31:27.051837 2023] [wsgi:error] [pid 495625:tid 140456134710848] [remote 10.88.1.179:59290]   File "/django-project/venv/lib/python3.10/site-packages/django/template/loader.py", line 62, in render_to_string
[Mon Oct 09 14:31:27.051839 2023] [wsgi:error] [pid 495625:tid 140456134710848] [remote 10.88.1.179:59290]     return template.render(context, request)
[Mon Oct 09 14:31:27.051841 2023] [wsgi:error] [pid 495625:tid 140456134710848] [remote 10.88.1.179:59290]   File "/django-project/venv/lib/python3.10/site-packages/django/template/backends/django.py", line 61, in render
[Mon Oct 09 14:31:27.051843 2023] [wsgi:error] [pid 495625:tid 140456134710848] [remote 10.88.1.179:59290]     return self.template.render(context)
[Mon Oct 09 14:31:27.051844 2023] [wsgi:error] [pid 495625:tid 140456134710848] [remote 10.88.1.179:59290]   File "/django-project/venv/lib/python3.10/site-packages/django/template/base.py", line 175, in render
[Mon Oct 09 14:31:27.051846 2023] [wsgi:error] [pid 495625:tid 140456134710848] [remote 10.88.1.179:59290]     return self._render(context)
[Mon Oct 09 14:31:27.051848 2023] [wsgi:error] [pid 495625:tid 140456134710848] [remote 10.88.1.179:59290]   File "/django-project/venv/lib/python3.10/site-packages/django/template/base.py", line 167, in _render
[Mon Oct 09 14:31:27.051850 2023] [wsgi:error] [pid 495625:tid 140456134710848] [remote 10.88.1.179:59290]     return self.nodelist.render(context)
[Mon Oct 09 14:31:27.051851 2023] [wsgi:error] [pid 495625:tid 140456134710848] [remote 10.88.1.179:59290]   File "/django-project/venv/lib/python3.10/site-packages/django/template/base.py", line 1005, in render
[Mon Oct 09 14:31:27.051853 2023] [wsgi:error] [pid 495625:tid 140456134710848] [remote 10.88.1.179:59290]     return SafeString("".join([node.render_annotated(context) for node in self]))
[Mon Oct 09 14:31:27.051855 2023] [wsgi:error] [pid 495625:tid 140456134710848] [remote 10.88.1.179:59290]   File "/django-project/venv/lib/python3.10/site-packages/django/template/base.py", line 1005, in <listcomp>
[Mon Oct 09 14:31:27.051857 2023] [wsgi:error] [pid 495625:tid 140456134710848] [remote 10.88.1.179:59290]     return SafeString("".join([node.render_annotated(context) for node in self]))
[Mon Oct 09 14:31:27.051859 2023] [wsgi:error] [pid 495625:tid 140456134710848] [remote 10.88.1.179:59290]   File "/django-project/venv/lib/python3.10/site-packages/django/template/base.py", line 966, in render_annotated
[Mon Oct 09 14:31:27.051861 2023] [wsgi:error] [pid 495625:tid 140456134710848] [remote 10.88.1.179:59290]     return self.render(context)
[Mon Oct 09 14:31:27.051863 2023] [wsgi:error] [pid 495625:tid 140456134710848] [remote 10.88.1.179:59290]   File "/django-project/venv/lib/python3.10/site-packages/django/template/loader_tags.py", line 157, in render
[Mon Oct 09 14:31:27.051864 2023] [wsgi:error] [pid 495625:tid 140456134710848] [remote 10.88.1.179:59290]     return compiled_parent._render(context)
[Mon Oct 09 14:31:27.051866 2023] [wsgi:error] [pid 495625:tid 140456134710848] [remote 10.88.1.179:59290]   File "/django-project/venv/lib/python3.10/site-packages/django/template/base.py", line 167, in _render
[Mon Oct 09 14:31:27.051874 2023] [wsgi:error] [pid 495625:tid 140456134710848] [remote 10.88.1.179:59290]     return self.nodelist.render(context)
[Mon Oct 09 14:31:27.051876 2023] [wsgi:error] [pid 495625:tid 140456134710848] [remote 10.88.1.179:59290]   File "/django-project/venv/lib/python3.10/site-packages/django/template/base.py", line 1005, in render
[Mon Oct 09 14:31:27.051877 2023] [wsgi:error] [pid 495625:tid 140456134710848] [remote 10.88.1.179:59290]     return SafeString("".join([node.render_annotated(context) for node in self]))
[Mon Oct 09 14:31:27.051879 2023] [wsgi:error] [pid 495625:tid 140456134710848] [remote 10.88.1.179:59290]   File "/django-project/venv/lib/python3.10/site-packages/django/template/base.py", line 1005, in <listcomp>
[Mon Oct 09 14:31:27.051881 2023] [wsgi:error] [pid 495625:tid 140456134710848] [remote 10.88.1.179:59290]     return SafeString("".join([node.render_annotated(context) for node in self]))
[Mon Oct 09 14:31:27.051883 2023] [wsgi:error] [pid 495625:tid 140456134710848] [remote 10.88.1.179:59290]   File "/django-project/venv/lib/python3.10/site-packages/django/template/base.py", line 966, in render_annotated
[Mon Oct 09 14:31:27.051885 2023] [wsgi:error] [pid 495625:tid 140456134710848] [remote 10.88.1.179:59290]     return self.render(context)
[Mon Oct 09 14:31:27.051887 2023] [wsgi:error] [pid 495625:tid 140456134710848] [remote 10.88.1.179:59290]   File "/django-project/venv/lib/python3.10/site-packages/django/template/loader_tags.py", line 63, in render
[Mon Oct 09 14:31:27.051889 2023] [wsgi:error] [pid 495625:tid 140456134710848] [remote 10.88.1.179:59290]     result = block.nodelist.render(context)
[Mon Oct 09 14:31:27.051890 2023] [wsgi:error] [pid 495625:tid 140456134710848] [remote 10.88.1.179:59290]   File "/django-project/venv/lib/python3.10/site-packages/django/template/base.py", line 1005, in render
[Mon Oct 09 14:31:27.051892 2023] [wsgi:error] [pid 495625:tid 140456134710848] [remote 10.88.1.179:59290]     return SafeString("".join([node.render_annotated(context) for node in self]))
[Mon Oct 09 14:31:27.051894 2023] [wsgi:error] [pid 495625:tid 140456134710848] [remote 10.88.1.179:59290]   File "/django-project/venv/lib/python3.10/site-packages/django/template/base.py", line 1005, in <listcomp>
[Mon Oct 09 14:31:27.051896 2023] [wsgi:error] [pid 495625:tid 140456134710848] [remote 10.88.1.179:59290]     return SafeString("".join([node.render_annotated(context) for node in self]))
[Mon Oct 09 14:31:27.051898 2023] [wsgi:error] [pid 495625:tid 140456134710848] [remote 10.88.1.179:59290]   File "/django-project/venv/lib/python3.10/site-packages/django/template/base.py", line 966, in render_annotated
[Mon Oct 09 14:31:27.051899 2023] [wsgi:error] [pid 495625:tid 140456134710848] [remote 10.88.1.179:59290]     return self.render(context)
[Mon Oct 09 14:31:27.051901 2023] [wsgi:error] [pid 495625:tid 140456134710848] [remote 10.88.1.179:59290]   File "/django-project/venv/lib/python3.10/site-packages/django/template/defaulttags.py", line 238, in render
[Mon Oct 09 14:31:27.051903 2023] [wsgi:error] [pid 495625:tid 140456134710848] [remote 10.88.1.179:59290]     nodelist.append(node.render_annotated(context))
[Mon Oct 09 14:31:27.051905 2023] [wsgi:error] [pid 495625:tid 140456134710848] [remote 10.88.1.179:59290]   File "/django-project/venv/lib/python3.10/site-packages/django/template/base.py", line 966, in render_annotated
